<html>
<body>
<pre>
<h1>礦ision Build Log</h1>
<h2>Tool Versions:</h2>
IDE-Version: μVision V5.40.0.0
Copyright (C) 2024 ARM Ltd and ARM Germany GmbH. All rights reserved.
License Information: zhang tingyu, 1, LIC=9WSKC-7Z950-SBEEJ-UH962-QI6FR-2M5XT
 
Tool Versions:
Toolchain:       MDK-ARM Plus  Version: 5.40.0.3
Toolchain Path:  C:\tools\keil5\ARM\ARMCLANG\Bin
C Compiler:      ArmClang.exe V6.22
Assembler:       Armasm.exe V6.22
Linker/Locator:  ArmLink.exe V6.22
Library Manager: ArmAr.exe V6.22
Hex Converter:   FromElf.exe V6.22
CPU DLL:         SARMCM3.DLL V5.40.0.3
Dialog DLL:      DCM.DLL V1.17.5.0
Target DLL:      Segger\JL2CM3.dll V2.99.44.0
Dialog DLL:      TCM.DLL V1.56.4.0
 
<h2>Project:</h2>
C:\proj\BLDC_9_1\Projects\MDK-ARM\atk_f407.uvprojx
Project File Date:  08/25/2024

<h2>Output:</h2>
*** Using Compiler 'V6.22', folder: 'C:\tools\keil5\ARM\ARMCLANG\Bin'
Rebuild target 'BLDC'
assembling startup_stm32f407xx.s...
compiling system_stm32f4xx.c...
compiling stm32f4xx_hal_gpio.c...
compiling stm32f4xx_it.c...
compiling sys.c...
compiling delay.c...
../../User/main.c(55): warning: illegal character encoding in string literal [-Winvalid-source-encoding]
   55 |     printf("<B0><B4><CF><C2>KEY0 <BF><AA>始<D5><FD>转<BC><D3><CB><D9>\r\n");
      |             ^~~~~~~~~~~~~~~~     ~~~~~~~~ ~~~~~~~~ ~~~~~~~~~~~~~~~~
../../User/main.c(56): warning: illegal character encoding in string literal [-Winvalid-source-encoding]
   56 |     printf("<B0><B4><CF><C2>KEY1 <BF><AA>始<B7><B4>转<BC><D3><CB><D9>\r\n");
      |             ^~~~~~~~~~~~~~~~     ~~~~~~~~ ~~~~~~~~ ~~~~~~~~~~~~~~~~
../../User/main.c(57): warning: illegal character encoding in string literal [-Winvalid-source-encoding]
   57 |     printf("<B0><B4><CF><C2>KEY2 停止<B5><E7><BB><FA>\r\n");
      |             ^~~~~~~~~~~~~~~~     ~~~~~~~~~~~~~~~~
../../User/main.c(59): warning: illegal character encoding in string literal [-Winvalid-source-encoding]
   59 |                 printf("<B2><E2><CA><D4>\r\n");
      |                         ^~~~~~~~~~~~~~~~
4 warnings generated.
compiling main.c...
compiling usart.c...
compiling stm32f4xx_hal.c...
compiling stm32f4xx_hal_cortex.c...
compiling stm32f4xx_hal_dma.c...
compiling stm32f4xx_hal_rcc.c...
compiling stm32f4xx_hal_rcc_ex.c...
compiling stm32f4xx_hal_pwr_ex.c...
compiling stm32f4xx_hal_pwr.c...
compiling stm32f4xx_hal_usart.c...
compiling led.c...
compiling key.c...
compiling stm32f4xx_hal_sram.c...
compiling stm32f4xx_ll_fsmc.c...
compiling stm32f4xx_hal_dma_ex.c...
compiling stm32f4xx_hal_uart.c...
compiling bldc.c...
compiling bldc_tim.c...
compiling stm32f4xx_hal_tim_ex.c...
compiling stm32f4xx_hal_tim.c...
compiling lcd.c...
linking...
Program Size: Code=43826 RO-data=12842 RW-data=88 ZI-data=1688  
FromELF: creating hex file...
"..\..\Output\atk_f407.axf" - 0 Error(s), 4 Warning(s).

<h2>Software Packages used:</h2>

Package Vendor: Keil
                https://www.keil.com/pack/Keil.STM32F4xx_DFP.2.17.1.pack
                Keil::STM32F4xx_DFP@2.17.1
                STMicroelectronics STM32F4 Series Device Support, Drivers and Examples

<h2>Collection of Component include folders:</h2>
  C:/pack/keil5/Keil/STM32F4xx_DFP/2.17.1/Drivers/CMSIS/Device/ST/STM32F4xx/Include

<h2>Collection of Component Files used:</h2>
Build Time Elapsed:  00:00:02
</pre>
</body>
</html>
