Component: Arm Compiler for Embedded 6.22 Tool: armlink [5ee90200]

==============================================================================

Section Cross References

    startup_stm32f407xx.o(STACK) refers (Special) to heapauxi.o(.text) for __use_two_region_memory
    startup_stm32f407xx.o(HEAP) refers (Special) to heapauxi.o(.text) for __use_two_region_memory
    startup_stm32f407xx.o(RESET) refers (Special) to heapauxi.o(.text) for __use_two_region_memory
    startup_stm32f407xx.o(RESET) refers to startup_stm32f407xx.o(STACK) for __initial_sp
    startup_stm32f407xx.o(RESET) refers to startup_stm32f407xx.o(.text) for Reset_Handler
    startup_stm32f407xx.o(RESET) refers to stm32f4xx_it.o(.text.NMI_Handler) for NMI_Handler
    startup_stm32f407xx.o(RESET) refers to stm32f4xx_it.o(.text.HardFault_Handler) for HardFault_Handler
    startup_stm32f407xx.o(RESET) refers to stm32f4xx_it.o(.text.MemManage_Handler) for MemManage_Handler
    startup_stm32f407xx.o(RESET) refers to stm32f4xx_it.o(.text.BusFault_Handler) for BusFault_Handler
    startup_stm32f407xx.o(RESET) refers to stm32f4xx_it.o(.text.UsageFault_Handler) for UsageFault_Handler
    startup_stm32f407xx.o(RESET) refers to stm32f4xx_it.o(.text.SVC_Handler) for SVC_Handler
    startup_stm32f407xx.o(RESET) refers to stm32f4xx_it.o(.text.DebugMon_Handler) for DebugMon_Handler
    startup_stm32f407xx.o(RESET) refers to stm32f4xx_it.o(.text.PendSV_Handler) for PendSV_Handler
    startup_stm32f407xx.o(RESET) refers to stm32f4xx_it.o(.text.SysTick_Handler) for SysTick_Handler
    startup_stm32f407xx.o(RESET) refers to bldc_tim.o(.text.TIM1_UP_TIM10_IRQHandler) for TIM1_UP_TIM10_IRQHandler
    startup_stm32f407xx.o(RESET) refers to usart.o(.text.USART1_IRQHandler) for USART1_IRQHandler
    startup_stm32f407xx.o(.text) refers (Special) to heapauxi.o(.text) for __use_two_region_memory
    startup_stm32f407xx.o(.text) refers to system_stm32f4xx.o(.text.SystemInit) for SystemInit
    startup_stm32f407xx.o(.text) refers to __main.o(!!!main) for __main
    startup_stm32f407xx.o(.text) refers to startup_stm32f407xx.o(HEAP) for Heap_Mem
    startup_stm32f407xx.o(.text) refers to startup_stm32f407xx.o(STACK) for Stack_Mem
    main.o(.text) refers (Special) to _printf_percent.o(.ARM.Collect$$_printf_percent$$00000000) for _printf_percent
    main.o(.text) refers (Special) to _printf_f.o(.ARM.Collect$$_printf_percent$$00000003) for _printf_f
    main.o(.text) refers (Special) to printf1.o(x$fpl$printf1) for _printf_fp_dec
    main.o(.text.main) refers (Special) to _printf_percent.o(.ARM.Collect$$_printf_percent$$00000000) for _printf_percent
    main.o(.text.main) refers (Special) to _printf_f.o(.ARM.Collect$$_printf_percent$$00000003) for _printf_f
    main.o(.text.main) refers (Special) to printf1.o(x$fpl$printf1) for _printf_fp_dec
    main.o(.text.main) refers to stm32f4xx_hal.o(.text.HAL_Init) for HAL_Init
    main.o(.text.main) refers to sys.o(.text.sys_stm32_clock_init) for sys_stm32_clock_init
    main.o(.text.main) refers to delay.o(.text.delay_init) for delay_init
    main.o(.text.main) refers to usart.o(.text.usart_init) for usart_init
    main.o(.text.main) refers to led.o(.text.led_init) for led_init
    main.o(.text.main) refers to key.o(.text.key_init) for key_init
    main.o(.text.main) refers to lcd.o(.text.lcd_init) for lcd_init
    main.o(.text.main) refers to bldc.o(.text.bldc_init) for bldc_init
    main.o(.text.main) refers to bldc.o(.text.bldc_ctrl) for bldc_ctrl
    main.o(.text.main) refers to bldc_tim.o(.bss.g_atimx_handle) for g_atimx_handle
    main.o(.text.main) refers to stm32f4xx_hal_tim.o(.text.HAL_TIM_Base_Start_IT) for HAL_TIM_Base_Start_IT
    main.o(.text.main) refers to lcd.o(.data.g_back_color) for g_back_color
    main.o(.text.main) refers to lcd.o(.data.g_point_color) for g_point_color
    main.o(.text.main) refers to lcd.o(.text.lcd_show_string) for lcd_show_string
    main.o(.text.main) refers to puts.o(.text) for puts
    main.o(.text.main) refers to bldc.o(.data.g_bldc_motor1) for g_bldc_motor1
    main.o(.text.main) refers to bldc.o(.text.stop_motor1) for stop_motor1
    main.o(.text.main) refers to delay.o(.text.delay_ms) for delay_ms
    main.o(.text.main) refers to dflt_clz.o(x$fpl$dfltu) for __aeabi_ui2d
    main.o(.text.main) refers to ddiv.o(x$fpl$ddiv) for __aeabi_ddiv
    main.o(.text.main) refers to dmul.o(x$fpl$dmul) for __aeabi_dmul
    main.o(.text.main) refers to d2f.o(x$fpl$d2f) for __aeabi_d2f
    main.o(.text.main) refers to f2d.o(x$fpl$f2d) for __aeabi_f2d
    main.o(.text.main) refers to noretval__2sprintf.o(.text) for __2sprintf
    main.o(.text.main) refers to stm32f4xx_hal_gpio.o(.text.HAL_GPIO_TogglePin) for HAL_GPIO_TogglePin
    main.o(.text.main) refers to key.o(.text.key_scan) for key_scan
    main.o(.text.main) refers to bldc.o(.text.start_motor1) for start_motor1
[...]
    [Anonymous Symbol]                       0x08000e94   Section        0  stm32f4xx_hal_dma.o(.text.HAL_DMA_Abort)
    [Anonymous Symbol]                       0x08000f20   Section        0  stm32f4xx_hal_dma.o(.text.HAL_DMA_Abort_IT)
    [Anonymous Symbol]                       0x08000f44   Section        0  stm32f4xx_hal_gpio.o(.text.HAL_GPIO_Init)
    [Anonymous Symbol]                       0x080010d8   Section        0  stm32f4xx_hal_gpio.o(.text.HAL_GPIO_ReadPin)
    [Anonymous Symbol]                       0x080010e4   Section        0  stm32f4xx_hal_gpio.o(.text.HAL_GPIO_TogglePin)
    [Anonymous Symbol]                       0x080010f4   Section        0  stm32f4xx_hal_gpio.o(.text.HAL_GPIO_WritePin)
    [Anonymous Symbol]                       0x08001100   Section        0  stm32f4xx_hal.o(.text.HAL_GetREVID)
    [Anonymous Symbol]                       0x08001110   Section        0  stm32f4xx_hal.o(.text.HAL_GetTick)
    [Anonymous Symbol]                       0x0800111c   Section        0  stm32f4xx_hal.o(.text.HAL_IncTick)
    [Anonymous Symbol]                       0x08001138   Section        0  stm32f4xx_hal.o(.text.HAL_Init)
    [Anonymous Symbol]                       0x08001168   Section        0  stm32f4xx_hal.o(.text.HAL_InitTick)
    [Anonymous Symbol]                       0x080011b8   Section        0  stm32f4xx_hal.o(.text.HAL_MspInit)
    [Anonymous Symbol]                       0x080011bc   Section        0  stm32f4xx_hal_cortex.o(.text.HAL_NVIC_EnableIRQ)
    [Anonymous Symbol]                       0x080011e0   Section        0  stm32f4xx_hal_cortex.o(.text.HAL_NVIC_SetPriority)
    [Anonymous Symbol]                       0x08001238   Section        0  stm32f4xx_hal_cortex.o(.text.HAL_NVIC_SetPriorityGrouping)
    [Anonymous Symbol]                       0x08001258   Section        0  stm32f4xx_hal_rcc.o(.text.HAL_RCC_ClockConfig)
    [Anonymous Symbol]                       0x080013b8   Section        0  stm32f4xx_hal_rcc.o(.text.HAL_RCC_GetPCLK1Freq)
    [Anonymous Symbol]                       0x080013e0   Section        0  stm32f4xx_hal_rcc.o(.text.HAL_RCC_GetPCLK2Freq)
    [Anonymous Symbol]                       0x08001408   Section        0  stm32f4xx_hal_rcc.o(.text.HAL_RCC_GetSysClockFreq)
    [Anonymous Symbol]                       0x08001474   Section        0  stm32f4xx_hal_rcc.o(.text.HAL_RCC_OscConfig)
    [Anonymous Symbol]                       0x080017d0   Section        0  stm32f4xx_hal_sram.o(.text.HAL_SRAM_Init)
    [Anonymous Symbol]                       0x08001828   Section        0  lcd.o(.text.HAL_SRAM_MspInit)
    [Anonymous Symbol]                       0x080018ac   Section        0  stm32f4xx_hal_cortex.o(.text.HAL_SYSTICK_Config)
    [Anonymous Symbol]                       0x080018d8   Section        0  stm32f4xx_hal_tim_ex.o(.text.HAL_TIMEx_BreakCallback)
    [Anonymous Symbol]                       0x080018dc   Section        0  stm32f4xx_hal_tim_ex.o(.text.HAL_TIMEx_CommutCallback)
    [Anonymous Symbol]                       0x080018e0   Section        0  stm32f4xx_hal_tim.o(.text.HAL_TIM_Base_Start_IT)
    [Anonymous Symbol]                       0x08001988   Section        0  stm32f4xx_hal_tim.o(.text.HAL_TIM_IC_CaptureCallback)
    [Anonymous Symbol]                       0x0800198c   Section        0  stm32f4xx_hal_tim.o(.text.HAL_TIM_IRQHandler)
    [Anonymous Symbol]                       0x08001af8   Section        0  stm32f4xx_hal_tim.o(.text.HAL_TIM_OC_DelayElapsedCallback)
    [Anonymous Symbol]                       0x08001afc   Section        0  stm32f4xx_hal_tim.o(.text.HAL_TIM_PWM_ConfigChannel)
    [Anonymous Symbol]                       0x08001d10   Section        0  stm32f4xx_hal_tim.o(.text.HAL_TIM_PWM_Init)
    [Anonymous Symbol]                       0x08001d6c   Section        0  bldc_tim.o(.text.HAL_TIM_PWM_MspInit)
    [Anonymous Symbol]                       0x08001ea8   Section        0  stm32f4xx_hal_tim.o(.text.HAL_TIM_PWM_PulseFinishedCallback)
    [Anonymous Symbol]                       0x08001eac   Section        0  stm32f4xx_hal_tim.o(.text.HAL_TIM_PWM_Start)
    [Anonymous Symbol]                       0x08001fc8   Section        0  stm32f4xx_hal_tim.o(.text.HAL_TIM_PWM_Stop)
    [Anonymous Symbol]                       0x08002064   Section        0  bldc_tim.o(.text.HAL_TIM_PeriodElapsedCallback)
    [Anonymous Symbol]                       0x080020c4   Section        0  stm32f4xx_hal_tim.o(.text.HAL_TIM_TriggerCallback)
    [Anonymous Symbol]                       0x080020c8   Section        0  stm32f4xx_hal_uart.o(.text.HAL_UARTEx_RxEventCallback)
    [Anonymous Symbol]                       0x080020cc   Section        0  stm32f4xx_hal_uart.o(.text.HAL_UART_ErrorCallback)
    [Anonymous Symbol]                       0x080020d0   Section        0  stm32f4xx_hal_uart.o(.text.HAL_UART_GetState)
    [Anonymous Symbol]                       0x080020e0   Section        0  stm32f4xx_hal_uart.o(.text.HAL_UART_IRQHandler)
    [Anonymous Symbol]                       0x08002344   Section        0  stm32f4xx_hal_uart.o(.text.HAL_UART_Init)
    [Anonymous Symbol]                       0x080023a4   Section        0  usart.o(.text.HAL_UART_MspInit)
    [Anonymous Symbol]                       0x08002444   Section        0  stm32f4xx_hal_uart.o(.text.HAL_UART_Receive_IT)
    [Anonymous Symbol]                       0x0800249c   Section        0  usart.o(.text.HAL_UART_RxCpltCallback)
    [Anonymous Symbol]                       0x08002508   Section        0  stm32f4xx_hal_uart.o(.text.HAL_UART_TxCpltCallback)
    [Anonymous Symbol]                       0x0800250c   Section        0  stm32f4xx_it.o(.text.HardFault_Handler)
    [Anonymous Symbol]                       0x08002510   Section        0  stm32f4xx_it.o(.text.MemManage_Handler)
    [Anonymous Symbol]                       0x08002514   Section        0  stm32f4xx_it.o(.text.NMI_Handler)
    [Anonymous Symbol]                       0x08002518   Section        0  stm32f4xx_it.o(.text.PendSV_Handler)
    [Anonymous Symbol]                       0x0800251c   Section        0  stm32f4xx_it.o(.text.SVC_Handler)
    [Anonymous Symbol]                       0x08002520   Section        0  stm32f4xx_it.o(.text.SysTick_Handler)
    [Anonymous Symbol]                       0x08002524   Section        0  system_stm32f4xx.o(.text.SystemInit)
    [Anonymous Symbol]                       0x08002538   Section        0  bldc_tim.o(.text.TIM1_UP_TIM10_IRQHandler)
    [Anonymous Symbol]                       0x08002544   Section        0  stm32f4xx_hal_tim.o(.text.TIM_Base_SetConfig)
    UART_DMAAbortOnError                     0x08002669   Thumb Code    12  stm32f4xx_hal_uart.o(.text.UART_DMAAbortOnError)
    [Anonymous Symbol]                       0x08002668   Section        0  stm32f4xx_hal_uart.o(.text.UART_DMAAbortOnError)
    UART_Receive_IT                          0x08002675   Thumb Code   160  stm32f4xx_hal_uart.o(.text.UART_Receive_IT)
    [Anonymous Symbol]                       0x08002674   Section        0  stm32f4xx_hal_uart.o(.text.UART_Receive_IT)
    UART_SetConfig                           0x08002715   Thumb Code   222  stm32f4xx_hal_uart.o(.text.UART_SetConfig)
    [Anonymous Symbol]                       0x08002714   Section        0  stm32f4xx_hal_uart.o(.text.UART_SetConfig)
    [Anonymous Symbol]                       0x080027f4   Section        0  usart.o(.text.USART1_IRQHandler)
    [Anonymous Symbol]                       0x0800284c   Section        0  stm32f4xx_it.o(.text.UsageFault_Handler)
    [Anonymous Symbol]                       0x08002850   Section        0  usart.o(.text._sys_exit)
    [Anonymous Symbol]                       0x08002854   Section        0  bldc_tim.o(.text.atim_timx_oc_chy_init)
    [Anonymous Symbol]                       0x080028ec   Section        0  bldc.o(.text.bldc_ctrl)
    [Anonymous Symbol]                       0x08002908   Section        0  bldc.o(.text.bldc_init)
    [Anonymous Symbol]                       0x080029c8   Section        0  delay.o(.text.delay_init)
    [Anonymous Symbol]                       0x080029d4   Section        0  delay.o(.text.delay_ms)
    [Anonymous Symbol]                       0x08002a18   Section        0  delay.o(.text.delay_us)
    [Anonymous Symbol]                       0x08002a54   Section        0  usart.o(.text.fputc)
    [Anonymous Symbol]                       0x08002a68   Section        0  bldc.o(.text.hallsensor_get_state)
    [Anonymous Symbol]                       0x08002ac4   Section        0  key.o(.text.key_init)
    [Anonymous Symbol]                       0x08002b60   Section        0  key.o(.text.key_scan)
    [Anonymous Symbol]                       0x08002c0c   Section        0  lcd.o(.text.lcd_ex_ili9341_reginit)
    [Anonymous Symbol]                       0x08003330   Section        0  lcd.o(.text.lcd_ex_ili9806_reginit)
    [Anonymous Symbol]                       0x08003da4   Section        0  lcd.o(.text.lcd_ex_nt35310_reginit)
    [Anonymous Symbol]                       0x08006cc8   Section        0  lcd.o(.text.lcd_ex_nt35510_reginit)
    [Anonymous Symbol]                       0x08007a78   Section        0  lcd.o(.text.lcd_ex_ssd1963_reginit)
    [Anonymous Symbol]                       0x08007ee4   Section        0  lcd.o(.text.lcd_ex_st7789_reginit)
    [Anonymous Symbol]                       0x08008464   Section        0  lcd.o(.text.lcd_ex_st7796_reginit)
    [Anonymous Symbol]                       0x08008a40   Section        0  lcd.o(.text.lcd_init)
    [Anonymous Symbol]                       0x080090b8   Section        0  lcd.o(.text.lcd_scan_dir)
    [Anonymous Symbol]                       0x080093a0   Section        0  lcd.o(.text.lcd_set_cursor)
    [Anonymous Symbol]                       0x08009628   Section        0  lcd.o(.text.lcd_show_char)
    [Anonymous Symbol]                       0x08009768   Section        0  lcd.o(.text.lcd_show_string)
    [Anonymous Symbol]                       0x080097e4   Section        0  led.o(.text.led_init)
    [Anonymous Symbol]                       0x0800985c   Section        0  bldc.o(.text.m1_uhvl)
    [Anonymous Symbol]                       0x080098ac   Section        0  bldc.o(.text.m1_uhwl)
    [Anonymous Symbol]                       0x080098fc   Section        0  bldc.o(.text.m1_vhul)
    [Anonymous Symbol]                       0x0800994c   Section        0  bldc.o(.text.m1_vhwl)
    [Anonymous Symbol]                       0x0800999c   Section        0  bldc.o(.text.m1_whul)
    [Anonymous Symbol]                       0x080099ec   Section        0  bldc.o(.text.m1_whvl)
    [Anonymous Symbol]                       0x08009a40   Section        0  main.o(.text.main)
    [Anonymous Symbol]                       0x08009ce4   Section        0  bldc.o(.text.start_motor1)
    [Anonymous Symbol]                       0x08009d1c   Section        0  bldc.o(.text.stop_motor1)
    [Anonymous Symbol]                       0x08009d88   Section        0  sys.o(.text.sys_stm32_clock_init)
    [Anonymous Symbol]                       0x08009e34   Section        0  usart.o(.text.usart_init)
    CL$$btod_d2e                             0x08009e72   Section       62  btod.o(CL$$btod_d2e)
    CL$$btod_d2e_denorm_low                  0x08009eb0   Section       70  btod.o(CL$$btod_d2e_denorm_low)
    CL$$btod_d2e_norm_op1                    0x08009ef6   Section       96  btod.o(CL$$btod_d2e_norm_op1)
    CL$$btod_div_common                      0x08009f58   Section      824  btod.o(CL$$btod_div_common)
    CL$$btod_e2e                             0x0800a290   Section      220  btod.o(CL$$btod_e2e)
    CL$$btod_ediv                            0x0800a36c   Section       42  btod.o(CL$$btod_ediv)
    CL$$btod_emul                            0x0800a396   Section       42  btod.o(CL$$btod_emul)
    CL$$btod_mult_common                     0x0800a3c0   Section      580  btod.o(CL$$btod_mult_common)
    i.__ARM_fpclassify                       0x0800a604   Section        0  fpclassify.o(i.__ARM_fpclassify)
    i._is_digit                              0x0800a634   Section        0  __printf_wp.o(i._is_digit)
    locale$$code                             0x0800a644   Section       44  lc_numeric_c.o(locale$$code)
    $v0                                      0x0800a670   Number         0  d2f.o(x$fpl$d2f)
    x$fpl$d2f                                0x0800a670   Section       98  d2f.o(x$fpl$d2f)
    $v0                                      0x0800a6d4   Number         0  ddiv.o(x$fpl$ddiv)
    x$fpl$ddiv                               0x0800a6d4   Section      696  ddiv.o(x$fpl$ddiv)
    ddiv_entry                               0x0800a6db   Thumb Code     0  ddiv.o(x$fpl$ddiv)
    $v0                                      0x0800a98c   Number         0  dflt_clz.o(x$fpl$dfltu)
    x$fpl$dfltu                              0x0800a98c   Section       38  dflt_clz.o(x$fpl$dfltu)
    $v0                                      0x0800a9b4   Number         0  dmul.o(x$fpl$dmul)
    x$fpl$dmul                               0x0800a9b4   Section      340  dmul.o(x$fpl$dmul)
    $v0                                      0x0800ab08   Number         0  dnaninf.o(x$fpl$dnaninf)
    x$fpl$dnaninf                            0x0800ab08   Section      156  dnaninf.o(x$fpl$dnaninf)
    $v0                                      0x0800aba4   Number         0  dretinf.o(x$fpl$dretinf)
    x$fpl$dretinf                            0x0800aba4   Section       12  dretinf.o(x$fpl$dretinf)
    $v0                                      0x0800abb0   Number         0  f2d.o(x$fpl$f2d)
    x$fpl$f2d                                0x0800abb0   Section       86  f2d.o(x$fpl$f2d)
    $v0                                      0x0800ac06   Number         0  fnaninf.o(x$fpl$fnaninf)
    x$fpl$fnaninf                            0x0800ac06   Section      140  fnaninf.o(x$fpl$fnaninf)
    $v0                                      0x0800ac92   Number         0  fpinit.o(x$fpl$fpinit)
    x$fpl$fpinit                             0x0800ac92   Section       26  fpinit.o(x$fpl$fpinit)
    $v0                                      0x0800acac   Number         0  fretinf.o(x$fpl$fretinf)
    x$fpl$fretinf                            0x0800acac   Section       10  fretinf.o(x$fpl$fretinf)
    $v0                                      0x0800acb6   Number         0  printf1.o(x$fpl$printf1)
    x$fpl$printf1                            0x0800acb6   Section        4  printf1.o(x$fpl$printf1)
    uc_hextab                                0x0800acba   Data          20  _printf_hex_int.o(.constdata)
    .constdata                               0x0800acba   Section       40  _printf_hex_int.o(.constdata)
    x$fpl$usenofp                            0x0800acba   Section        0  usenofp.o(x$fpl$usenofp)
    lc_hextab                                0x0800acce   Data          20  _printf_hex_int.o(.constdata)
    tenpwrs_x                                0x0800ace4   Data          60  bigflt0.o(.constdata)
    .constdata                               0x0800ace4   Section      148  bigflt0.o(.constdata)
    tenpwrs_i                                0x0800ad20   Data          64  bigflt0.o(.constdata)
    .Lswitch.table.lcd_scan_dir.1            0x0800ad78   Data          14  lcd.o(.rodata..Lswitch.table.lcd_scan_dir.1)
    locale$$data                             0x0800dd40   Section       28  lc_numeric_c.o(locale$$data)
    __lcnum_c_name                           0x0800dd44   Data           2  lc_numeric_c.o(locale$$data)
    __lcnum_c_start                          0x0800dd4c   Data           0  lc_numeric_c.o(locale$$data)
    __lcnum_c_point                          0x0800dd58   Data           0  lc_numeric_c.o(locale$$data)
    __lcnum_c_thousands                      0x0800dd5a   Data           0  lc_numeric_c.o(locale$$data)
    __lcnum_c_grouping                       0x0800dd5b   Data           0  lc_numeric_c.o(locale$$data)
    __lcnum_c_end                            0x0800dd5c   Data           0  lc_numeric_c.o(locale$$data)
    .bss                                     0x20000058   Section       96  libspace.o(.bss)
    g_fac_us                                 0x20000170   Data           4  delay.o(.bss.g_fac_us)
    [Anonymous Symbol]                       0x20000170   Section        0  delay.o(.bss.g_fac_us)
    hallsensor_get_state.state               0x200002d8   Data           4  bldc.o(.bss.hallsensor_get_state.state)
    [Anonymous Symbol]                       0x200002d8   Section        0  bldc.o(.bss.hallsensor_get_state.state)
    key_scan.key_up                          0x200002dc   Data           1  key.o(.bss.key_scan.key_up)
    [Anonymous Symbol]                       0x200002dc   Section        0  key.o(.bss.key_scan.key_up)
    Heap_Mem                                 0x200002f0   Data           0  startup_stm32f407xx.o(HEAP)
    Stack_Mem                                0x200002f0   Data        1024  startup_stm32f407xx.o(STACK)
    HEAP                                     0x200002f0   Section        0  startup_stm32f407xx.o(HEAP)
    STACK                                    0x200002f0   Section     1024  startup_stm32f407xx.o(STACK)
    __initial_sp                             0x200006f0   Data           0  startup_stm32f407xx.o(STACK)

    Global Symbols

    Symbol Name                              Value     Ov Type        Size  Object(Section)

    BuildAttributes$$THM_ISAv4$E$P$D$K$B$S$7EM$VFPi3$EXTD16$VFPS$VFMA$PE$A:L22UL41UL21$X:L11$S22US41US21$IEEE1$IW$~IW$USESV6$~STKCKD$USESV7$~SHL$OTIME$ROPI$IEEEJ$EBA8$UX$STANDARDLIB$REQ8$PRES8$EABIv2 0x00000000   Number         0  anon$$obj.o ABSOLUTE
    _printf_flags                            0x00000000   Number         0  printf_stubs.o ABSOLUTE
    _printf_return_value                     0x00000000   Number         0  printf_stubs.o ABSOLUTE
    _printf_sizespec                         0x00000000   Number         0  printf_stubs.o ABSOLUTE
    _printf_widthprec                        0x00000000   Number         0  printf_stubs.o ABSOLUTE
    __ARM_exceptions_init                     - Undefined Weak Reference
    __alloca_initialize                       - Undefined Weak Reference
    __arm_preinit_                            - Undefined Weak Reference
    __arm_relocate_pie_                       - Undefined Weak Reference
    __cpp_initialize__aeabi_                  - Undefined Weak Reference
    __cxa_finalize                            - Undefined Weak Reference
    __sigvec_lookup                           - Undefined Weak Reference
    _atexit_init                              - Undefined Weak Reference
    _call_atexit_fns                          - Undefined Weak Reference
    _clock_init                               - Undefined Weak Reference
    _fp_trap_init                             - Undefined Weak Reference
    _fp_trap_shutdown                         - Undefined Weak Reference
    _get_lc_collate                           - Undefined Weak Reference
    _get_lc_ctype                             - Undefined Weak Reference
    _get_lc_monetary                          - Undefined Weak Reference
    _get_lc_time                              - Undefined Weak Reference
    _getenv_init                              - Undefined Weak Reference
    _handle_redirection                       - Undefined Weak Reference
    _init_alloc                               - Undefined Weak Reference
    _init_user_alloc                          - Undefined Weak Reference
    _initio                                   - Undefined Weak Reference
    _mutex_acquire                            - Undefined Weak Reference
    _mutex_release                            - Undefined Weak Reference
    _printf_post_padding                      - Undefined Weak Reference
    _printf_pre_padding                       - Undefined Weak Reference
    _printf_truncate_unsigned                 - Undefined Weak Reference
    _rand_init                                - Undefined Weak Reference
    _signal_finish                            - Undefined Weak Reference
    _signal_init                              - Undefined Weak Reference
    _terminate_alloc                          - Undefined Weak Reference
    _terminate_user_alloc                     - Undefined Weak Reference
    _terminateio                              - Undefined Weak Reference
    __Vectors_Size                           0x00000188   Number         0  startup_stm32f407xx.o ABSOLUTE
    __Vectors                                0x08000000   Data           4  startup_stm32f407xx.o(RESET)
    __Vectors_End                            0x08000188   Data           0  startup_stm32f407xx.o(RESET)
    __main                                   0x08000189   Thumb Code     8  __main.o(!!!main)
    __scatterload                            0x08000191   Thumb Code     0  __scatter.o(!!!scatter)
    __scatterload_rt2                        0x08000191   Thumb Code    84  __scatter.o(!!!scatter)
    __scatterload_rt2_thumb_only             0x08000191   Thumb Code     0  __scatter.o(!!!scatter)
    __scatterload_loop                       0x0800019b   Thumb Code     0  __scatter.o(!!!scatter)
    __scatterload_copy                       0x080001ed   Thumb Code    26  __scatter_copy.o(!!handler_copy)
    __scatterload_null                       0x08000209   Thumb Code     2  __scatter.o(!!handler_null)
    __scatterload_zeroinit                   0x0800020d   Thumb Code    28  __scatter_zi.o(!!handler_zi)
    _printf_f                                0x08000229   Thumb Code     0  _printf_f.o(.ARM.Collect$$_printf_percent$$00000003)
    _printf_percent                          0x08000229   Thumb Code     0  _printf_percent.o(.ARM.Collect$$_printf_percent$$00000000)
    _printf_x                                0x0800022f   Thumb Code     0  _printf_x.o(.ARM.Collect$$_printf_percent$$0000000C)
    _printf_percent_end                      0x08000235   Thumb Code     0  _printf_percent_end.o(.ARM.Collect$$_printf_percent$$00000017)
    __rt_lib_init                            0x08000239   Thumb Code     0  libinit.o(.ARM.Collect$$libinit$$00000000)
    __rt_lib_init_fp_1                       0x0800023b   Thumb Code     0  libinit2.o(.ARM.Collect$$libinit$$00000001)
    __rt_lib_init_heap_1                     0x0800023f   Thumb Code     0  libinit2.o(.ARM.Collect$$libinit$$0000000C)
    __rt_lib_init_lc_common                  0x0800023f   Thumb Code     0  libinit2.o(.ARM.Collect$$libinit$$00000011)
    __rt_lib_init_preinit_1                  0x0800023f   Thumb Code     0  libinit2.o(.ARM.Collect$$libinit$$00000006)
    __rt_lib_init_rand_1                     0x0800023f   Thumb Code     0  libinit2.o(.ARM.Collect$$libinit$$00000010)
    __rt_lib_init_relocate_pie_1             0x0800023f   Thumb Code     0  libinit2.o(.ARM.Collect$$libinit$$00000004)
    __rt_lib_init_user_alloc_1               0x0800023f   Thumb Code     0  libinit2.o(.ARM.Collect$$libinit$$0000000E)
    __rt_lib_init_lc_collate_1               0x08000245   Thumb Code     0  libinit2.o(.ARM.Collect$$libinit$$00000013)
    __rt_lib_init_lc_ctype_1                 0x08000245   Thumb Code     0  libinit2.o(.ARM.Collect$$libinit$$00000015)
    __rt_lib_init_lc_monetary_1              0x08000245   Thumb Code     0  libinit2.o(.ARM.Collect$$libinit$$00000017)
    __rt_lib_init_lc_numeric_2               0x08000245   Thumb Code     0  libinit2.o(.ARM.Collect$$libinit$$00000018)
    __rt_lib_init_alloca_1                   0x0800024f   Thumb Code     0  libinit2.o(.ARM.Collect$$libinit$$00000030)
    __rt_lib_init_argv_1                     0x0800024f   Thumb Code     0  libinit2.o(.ARM.Collect$$libinit$$0000002E)
    __rt_lib_init_atexit_1                   0x0800024f   Thumb Code     0  libinit2.o(.ARM.Collect$$libinit$$0000001D)
    __rt_lib_init_clock_1                    0x0800024f   Thumb Code     0  libinit2.o(.ARM.Collect$$libinit$$00000023)
    __rt_lib_init_cpp_1                      0x0800024f   Thumb Code     0  libinit2.o(.ARM.Collect$$libinit$$00000034)
    __rt_lib_init_exceptions_1               0x0800024f   Thumb Code     0  libinit2.o(.ARM.Collect$$libinit$$00000032)
    __rt_lib_init_fp_trap_1                  0x0800024f   Thumb Code     0  libinit2.o(.ARM.Collect$$libinit$$00000021)
    __rt_lib_init_getenv_1                   0x0800024f   Thumb Code     0  libinit2.o(.ARM.Collect$$libinit$$00000025)
    __rt_lib_init_lc_numeric_1               0x0800024f   Thumb Code     0  libinit2.o(.ARM.Collect$$libinit$$00000019)
    __rt_lib_init_lc_time_1                  0x0800024f   Thumb Code     0  libinit2.o(.ARM.Collect$$libinit$$0000001B)
    __rt_lib_init_return                     0x0800024f   Thumb Code     0  libinit2.o(.ARM.Collect$$libinit$$00000035)
    __rt_lib_init_signal_1                   0x0800024f   Thumb Code     0  libinit2.o(.ARM.Collect$$libinit$$0000001F)
    __rt_lib_init_stdio_1                    0x0800024f   Thumb Code     0  libinit2.o(.ARM.Collect$$libinit$$00000027)
    __rt_lib_shutdown                        0x08000251   Thumb Code     0  libshutdown.o(.ARM.Collect$$libshutdown$$00000000)
    __rt_lib_shutdown_cpp_1                  0x08000253   Thumb Code     0  libshutdown2.o(.ARM.Collect$$libshutdown$$00000002)
    __rt_lib_shutdown_fp_trap_1              0x08000253   Thumb Code     0  libshutdown2.o(.ARM.Collect$$libshutdown$$00000007)
    __rt_lib_shutdown_heap_1                 0x08000253   Thumb Code     0  libshutdown2.o(.ARM.Collect$$libshutdown$$0000000F)
    __rt_lib_shutdown_return                 0x08000253   Thumb Code     0  libshutdown2.o(.ARM.Collect$$libshutdown$$00000010)
    __rt_lib_shutdown_signal_1               0x08000253   Thumb Code     0  libshutdown2.o(.ARM.Collect$$libshutdown$$0000000A)
    __rt_lib_shutdown_stdio_1                0x08000253   Thumb Code     0  libshutdown2.o(.ARM.Collect$$libshutdown$$00000004)
    __rt_lib_shutdown_user_alloc_1           0x08000253   Thumb Code     0  libshutdown2.o(.ARM.Collect$$libshutdown$$0000000C)
    __rt_entry                               0x08000255   Thumb Code     0  __rtentry.o(.ARM.Collect$$rtentry$$00000000)
    __rt_entry_presh_1                       0x08000255   Thumb Code     0  __rtentry2.o(.ARM.Collect$$rtentry$$00000002)
    __rt_entry_sh                            0x08000255   Thumb Code     0  __rtentry4.o(.ARM.Collect$$rtentry$$00000004)
    __rt_entry_li                            0x0800025b   Thumb Code     0  __rtentry2.o(.ARM.Collect$$rtentry$$0000000A)
    __rt_entry_postsh_1                      0x0800025b   Thumb Code     0  __rtentry2.o(.ARM.Collect$$rtentry$$00000009)
    __rt_entry_main                          0x0800025f   Thumb Code     0  __rtentry2.o(.ARM.Collect$$rtentry$$0000000D)
    __rt_entry_postli_1                      0x0800025f   Thumb Code     0  __rtentry2.o(.ARM.Collect$$rtentry$$0000000C)
    __rt_exit                                0x08000267   Thumb Code     0  rtexit.o(.ARM.Collect$$rtexit$$00000000)
    __rt_exit_ls                             0x08000269   Thumb Code     0  rtexit2.o(.ARM.Collect$$rtexit$$00000003)
    __rt_exit_prels_1                        0x08000269   Thumb Code     0  rtexit2.o(.ARM.Collect$$rtexit$$00000002)
    __rt_exit_exit                           0x0800026d   Thumb Code     0  rtexit2.o(.ARM.Collect$$rtexit$$00000004)
    Reset_Handler                            0x08000275   Thumb Code    18  startup_stm32f407xx.o(.text)
    ADC_IRQHandler                           0x08000299   Thumb Code     0  startup_stm32f407xx.o(.text)
    CAN1_RX0_IRQHandler                      0x08000299   Thumb Code     0  startup_stm32f407xx.o(.text)
    CAN1_RX1_IRQHandler                      0x08000299   Thumb Code     0  startup_stm32f407xx.o(.text)
    CAN1_SCE_IRQHandler                      0x08000299   Thumb Code     0  startup_stm32f407xx.o(.text)
    CAN1_TX_IRQHandler                       0x08000299   Thumb Code     0  startup_stm32f407xx.o(.text)
    CAN2_RX0_IRQHandler                      0x08000299   Thumb Code     0  startup_stm32f407xx.o(.text)
    CAN2_RX1_IRQHandler                      0x08000299   Thumb Code     0  startup_stm32f407xx.o(.text)
    CAN2_SCE_IRQHandler                      0x08000299   Thumb Code     0  startup_stm32f407xx.o(.text)
    CAN2_TX_IRQHandler                       0x08000299   Thumb Code     0  startup_stm32f407xx.o(.text)
    DCMI_IRQHandler                          0x08000299   Thumb Code     0  startup_stm32f407xx.o(.text)
    DMA1_Stream0_IRQHandler                  0x08000299   Thumb Code     0  startup_stm32f407xx.o(.text)
    DMA1_Stream1_IRQHandler                  0x08000299   Thumb Code     0  startup_stm32f407xx.o(.text)
    DMA1_Stream2_IRQHandler                  0x08000299   Thumb Code     0  startup_stm32f407xx.o(.text)
    DMA1_Stream3_IRQHandler                  0x08000299   Thumb Code     0  startup_stm32f407xx.o(.text)
    DMA1_Stream4_IRQHandler                  0x08000299   Thumb Code     0  startup_stm32f407xx.o(.text)
    DMA1_Stream5_IRQHandler                  0x08000299   Thumb Code     0  startup_stm32f407xx.o(.text)
    DMA1_Stream6_IRQHandler                  0x08000299   Thumb Code     0  startup_stm32f407xx.o(.text)
    DMA1_Stream7_IRQHandler                  0x08000299   Thumb Code     0  startup_stm32f407xx.o(.text)
    DMA2_Stream0_IRQHandler                  0x08000299   Thumb Code     0  startup_stm32f407xx.o(.text)
    DMA2_Stream1_IRQHandler                  0x08000299   Thumb Code     0  startup_stm32f407xx.o(.text)
    DMA2_Stream2_IRQHandler                  0x08000299   Thumb Code     0  startup_stm32f407xx.o(.text)
    DMA2_Stream3_IRQHandler                  0x08000299   Thumb Code     0  startup_stm32f407xx.o(.text)
    DMA2_Stream4_IRQHandler                  0x08000299   Thumb Code     0  startup_stm32f407xx.o(.text)
    DMA2_Stream5_IRQHandler                  0x08000299   Thumb Code     0  startup_stm32f407xx.o(.text)
    DMA2_Stream6_IRQHandler                  0x08000299   Thumb Code     0  startup_stm32f407xx.o(.text)
    DMA2_Stream7_IRQHandler                  0x08000299   Thumb Code     0  startup_stm32f407xx.o(.text)
    ETH_IRQHandler                           0x08000299   Thumb Code     0  startup_stm32f407xx.o(.text)
    ETH_WKUP_IRQHandler                      0x08000299   Thumb Code     0  startup_stm32f407xx.o(.text)
    EXTI0_IRQHandler                         0x08000299   Thumb Code     0  startup_stm32f407xx.o(.text)
    EXTI15_10_IRQHandler                     0x08000299   Thumb Code     0  startup_stm32f407xx.o(.text)
    EXTI1_IRQHandler                         0x08000299   Thumb Code     0  startup_stm32f407xx.o(.text)
    EXTI2_IRQHandler                         0x08000299   Thumb Code     0  startup_stm32f407xx.o(.text)
    EXTI3_IRQHandler                         0x08000299   Thumb Code     0  startup_stm32f407xx.o(.text)
    EXTI4_IRQHandler                         0x08000299   Thumb Code     0  startup_stm32f407xx.o(.text)
    EXTI9_5_IRQHandler                       0x08000299   Thumb Code     0  startup_stm32f407xx.o(.text)
    FLASH_IRQHandler                         0x08000299   Thumb Code     0  startup_stm32f407xx.o(.text)
    FMC_IRQHandler                           0x08000299   Thumb Code     0  startup_stm32f407xx.o(.text)
    FPU_IRQHandler                           0x08000299   Thumb Code     0  startup_stm32f407xx.o(.text)
    HASH_RNG_IRQHandler                      0x08000299   Thumb Code     0  startup_stm32f407xx.o(.text)
    I2C1_ER_IRQHandler                       0x08000299   Thumb Code     0  startup_stm32f407xx.o(.text)
    I2C1_EV_IRQHandler                       0x08000299   Thumb Code     0  startup_stm32f407xx.o(.text)
    I2C2_ER_IRQHandler                       0x08000299   Thumb Code     0  startup_stm32f407xx.o(.text)
    I2C2_EV_IRQHandler                       0x08000299   Thumb Code     0  startup_stm32f407xx.o(.text)
    I2C3_ER_IRQHandler                       0x08000299   Thumb Code     0  startup_stm32f407xx.o(.text)
    I2C3_EV_IRQHandler                       0x08000299   Thumb Code     0  startup_stm32f407xx.o(.text)
    OTG_FS_IRQHandler                        0x08000299   Thumb Code     0  startup_stm32f407xx.o(.text)
    OTG_FS_WKUP_IRQHandler                   0x08000299   Thumb Code     0  startup_stm32f407xx.o(.text)
    OTG_HS_EP1_IN_IRQHandler                 0x08000299   Thumb Code     0  startup_stm32f407xx.o(.text)
    OTG_HS_EP1_OUT_IRQHandler                0x08000299   Thumb Code     0  startup_stm32f407xx.o(.text)
    OTG_HS_IRQHandler                        0x08000299   Thumb Code     0  startup_stm32f407xx.o(.text)
    OTG_HS_WKUP_IRQHandler                   0x08000299   Thumb Code     0  startup_stm32f407xx.o(.text)
    PVD_IRQHandler                           0x08000299   Thumb Code     0  startup_stm32f407xx.o(.text)
    RCC_IRQHandler                           0x08000299   Thumb Code     0  startup_stm32f407xx.o(.text)
    RTC_Alarm_IRQHandler                     0x08000299   Thumb Code     0  startup_stm32f407xx.o(.text)
    RTC_WKUP_IRQHandler                      0x08000299   Thumb Code     0  startup_stm32f407xx.o(.text)
    SDIO_IRQHandler                          0x08000299   Thumb Code     0  startup_stm32f407xx.o(.text)
    SPI1_IRQHandler                          0x08000299   Thumb Code     0  startup_stm32f407xx.o(.text)
    SPI2_IRQHandler                          0x08000299   Thumb Code     0  startup_stm32f407xx.o(.text)
    SPI3_IRQHandler                          0x08000299   Thumb Code     0  startup_stm32f407xx.o(.text)
    TAMP_STAMP_IRQHandler                    0x08000299   Thumb Code     0  startup_stm32f407xx.o(.text)
    TIM1_BRK_TIM9_IRQHandler                 0x08000299   Thumb Code     0  startup_stm32f407xx.o(.text)
    TIM1_CC_IRQHandler                       0x08000299   Thumb Code     0  startup_stm32f407xx.o(.text)
    TIM1_TRG_COM_TIM11_IRQHandler            0x08000299   Thumb Code     0  startup_stm32f407xx.o(.text)
    TIM2_IRQHandler                          0x08000299   Thumb Code     0  startup_stm32f407xx.o(.text)
    TIM3_IRQHandler                          0x08000299   Thumb Code     0  startup_stm32f407xx.o(.text)
    TIM4_IRQHandler                          0x08000299   Thumb Code     0  startup_stm32f407xx.o(.text)
    TIM5_IRQHandler                          0x08000299   Thumb Code     0  startup_stm32f407xx.o(.text)
    TIM6_DAC_IRQHandler                      0x08000299   Thumb Code     0  startup_stm32f407xx.o(.text)
    TIM7_IRQHandler                          0x08000299   Thumb Code     0  startup_stm32f407xx.o(.text)
    TIM8_BRK_TIM12_IRQHandler                0x08000299   Thumb Code     0  startup_stm32f407xx.o(.text)
    TIM8_CC_IRQHandler                       0x08000299   Thumb Code     0  startup_stm32f407xx.o(.text)
    TIM8_TRG_COM_TIM14_IRQHandler            0x08000299   Thumb Code     0  startup_stm32f407xx.o(.text)
    TIM8_UP_TIM13_IRQHandler                 0x08000299   Thumb Code     0  startup_stm32f407xx.o(.text)
    UART4_IRQHandler                         0x08000299   Thumb Code     0  startup_stm32f407xx.o(.text)
    UART5_IRQHandler                         0x08000299   Thumb Code     0  startup_stm32f407xx.o(.text)
    USART2_IRQHandler                        0x08000299   Thumb Code     0  startup_stm32f407xx.o(.text)
    USART3_IRQHandler                        0x08000299   Thumb Code     0  startup_stm32f407xx.o(.text)
    USART6_IRQHandler                        0x08000299   Thumb Code     0  startup_stm32f407xx.o(.text)
    WWDG_IRQHandler                          0x08000299   Thumb Code     0  startup_stm32f407xx.o(.text)
    __user_initial_stackheap                 0x0800029d   Thumb Code     0  startup_stm32f407xx.o(.text)
    __use_no_semihosting                     0x080002c1   Thumb Code     2  use_no_semi_2.o(.text)
    __aeabi_uldivmod                         0x080002c3   Thumb Code     0  lludivv7m.o(.text)
    _ll_udiv                                 0x080002c3   Thumb Code   240  lludivv7m.o(.text)
    __2printf                                0x080003b5   Thumb Code    20  noretval__2printf.o(.text)
    __2sprintf                               0x080003cd   Thumb Code    34  noretval__2sprintf.o(.text)
    _printf_int_hex                          0x080003f5   Thumb Code    84  _printf_hex_int.o(.text)
    _printf_longlong_hex                     0x080003f5   Thumb Code     0  _printf_hex_int.o(.text)
    __printf                                 0x0800044d   Thumb Code   270  __printf_wp.o(.text)
    puts                                     0x0800055d   Thumb Code    40  puts.o(.text)
    __use_two_region_memory                  0x08000589   Thumb Code     2  heapauxi.o(.text)
    __rt_heap_escrow$2region                 0x0800058b   Thumb Code     2  heapauxi.o(.text)
    __rt_heap_expand$2region                 0x0800058d   Thumb Code     2  heapauxi.o(.text)
    __semihosting$guard                      0x0800058f   Thumb Code     0  use_no_semi.o(.text)
    __use_no_semihosting_swi                 0x0800058f   Thumb Code     2  use_no_semi.o(.text)
    _printf_int_common                       0x08000591   Thumb Code   178  _printf_intcommon.o(.text)
    _printf_fp_dec_real                      0x080007f3   Thumb Code   620  _printf_fp_dec.o(.text)
    _printf_char_common                      0x08000a6b   Thumb Code    32  _printf_char_common.o(.text)
    _sputc                                   0x08000a91   Thumb Code    10  _sputc.o(.text)
    _printf_char_file                        0x08000a9d   Thumb Code    32  _printf_char_file.o(.text)
    __rt_locale                              0x08000ac1   Thumb Code     8  rt_locale_intlibspace.o(.text)
    _ll_udiv10                               0x08000ac9   Thumb Code   138  lludiv10.o(.text)
    _printf_fp_infnan                        0x08000b55   Thumb Code   112  _printf_fp_infnan.o(.text)
    _btod_etento                             0x08000bd5   Thumb Code   224  bigflt0.o(.text)
    ferror                                   0x08000cb9   Thumb Code     8  ferror.o(.text)
    __user_libspace                          0x08000cc1   Thumb Code     8  libspace.o(.text)
    __user_perproc_libspace                  0x08000cc1   Thumb Code     0  libspace.o(.text)
    __user_perthread_libspace                0x08000cc1   Thumb Code     0  libspace.o(.text)
    __user_setup_stackheap                   0x08000cc9   Thumb Code    74  sys_stackheap_outer.o(.text)
    exit                                     0x08000d13   Thumb Code    18  exit.o(.text)
    strcmp                                   0x08000d29   Thumb Code   124  strcmpv7em.o(.text)
    BusFault_Handler                         0x08000da5   Thumb Code     2  stm32f4xx_it.o(.text.BusFault_Handler)
    DebugMon_Handler                         0x08000da9   Thumb Code     2  stm32f4xx_it.o(.text.DebugMon_Handler)
    FSMC_NORSRAM_Extended_Timing_Init        0x08000dad   Thumb Code    70  stm32f4xx_ll_fsmc.o(.text.FSMC_NORSRAM_Extended_Timing_Init)
    FSMC_NORSRAM_Init                        0x08000df5   Thumb Code    92  stm32f4xx_ll_fsmc.o(.text.FSMC_NORSRAM_Init)
    FSMC_NORSRAM_Timing_Init                 0x08000e51   Thumb Code    68  stm32f4xx_ll_fsmc.o(.text.FSMC_NORSRAM_Timing_Init)
    HAL_DMA_Abort                            0x08000e95   Thumb Code   138  stm32f4xx_hal_dma.o(.text.HAL_DMA_Abort)
    HAL_DMA_Abort_IT                         0x08000f21   Thumb Code    36  stm32f4xx_hal_dma.o(.text.HAL_DMA_Abort_IT)
    HAL_GPIO_Init                            0x08000f45   Thumb Code   402  stm32f4xx_hal_gpio.o(.text.HAL_GPIO_Init)
    HAL_GPIO_ReadPin                         0x080010d9   Thumb Code    10  stm32f4xx_hal_gpio.o(.text.HAL_GPIO_ReadPin)
    HAL_GPIO_TogglePin                       0x080010e5   Thumb Code    16  stm32f4xx_hal_gpio.o(.text.HAL_GPIO_TogglePin)
    HAL_GPIO_WritePin                        0x080010f5   Thumb Code    10  stm32f4xx_hal_gpio.o(.text.HAL_GPIO_WritePin)
    HAL_GetREVID                             0x08001101   Thumb Code    14  stm32f4xx_hal.o(.text.HAL_GetREVID)
    HAL_GetTick                              0x08001111   Thumb Code    12  stm32f4xx_hal.o(.text.HAL_GetTick)
    HAL_IncTick                              0x0800111d   Thumb Code    26  stm32f4xx_hal.o(.text.HAL_IncTick)
    HAL_Init                                 0x08001139   Thumb Code    46  stm32f4xx_hal.o(.text.HAL_Init)
    HAL_InitTick                             0x08001169   Thumb Code    80  stm32f4xx_hal.o(.text.HAL_InitTick)
    HAL_MspInit                              0x080011b9   Thumb Code     2  stm32f4xx_hal.o(.text.HAL_MspInit)
    HAL_NVIC_EnableIRQ                       0x080011bd   Thumb Code    34  stm32f4xx_hal_cortex.o(.text.HAL_NVIC_EnableIRQ)
    HAL_NVIC_SetPriority                     0x080011e1   Thumb Code    86  stm32f4xx_hal_cortex.o(.text.HAL_NVIC_SetPriority)
    HAL_NVIC_SetPriorityGrouping             0x08001239   Thumb Code    32  stm32f4xx_hal_cortex.o(.text.HAL_NVIC_SetPriorityGrouping)
    HAL_RCC_ClockConfig                      0x08001259   Thumb Code   352  stm32f4xx_hal_rcc.o(.text.HAL_RCC_ClockConfig)
    HAL_RCC_GetPCLK1Freq                     0x080013b9   Thumb Code    38  stm32f4xx_hal_rcc.o(.text.HAL_RCC_GetPCLK1Freq)
    HAL_RCC_GetPCLK2Freq                     0x080013e1   Thumb Code    38  stm32f4xx_hal_rcc.o(.text.HAL_RCC_GetPCLK2Freq)
    HAL_RCC_GetSysClockFreq                  0x08001409   Thumb Code   106  stm32f4xx_hal_rcc.o(.text.HAL_RCC_GetSysClockFreq)
    HAL_RCC_OscConfig                        0x08001475   Thumb Code   860  stm32f4xx_hal_rcc.o(.text.HAL_RCC_OscConfig)
    HAL_SRAM_Init                            0x080017d1   Thumb Code    86  stm32f4xx_hal_sram.o(.text.HAL_SRAM_Init)
    HAL_SRAM_MspInit                         0x08001829   Thumb Code   132  lcd.o(.text.HAL_SRAM_MspInit)
    HAL_SYSTICK_Config                       0x080018ad   Thumb Code    44  stm32f4xx_hal_cortex.o(.text.HAL_SYSTICK_Config)
    HAL_TIMEx_BreakCallback                  0x080018d9   Thumb Code     2  stm32f4xx_hal_tim_ex.o(.text.HAL_TIMEx_BreakCallback)
    HAL_TIMEx_CommutCallback                 0x080018dd   Thumb Code     2  stm32f4xx_hal_tim_ex.o(.text.HAL_TIMEx_CommutCallback)
    HAL_TIM_Base_Start_IT                    0x080018e1   Thumb Code   168  stm32f4xx_hal_tim.o(.text.HAL_TIM_Base_Start_IT)
    HAL_TIM_IC_CaptureCallback               0x08001989   Thumb Code     2  stm32f4xx_hal_tim.o(.text.HAL_TIM_IC_CaptureCallback)
    HAL_TIM_IRQHandler                       0x0800198d   Thumb Code   362  stm32f4xx_hal_tim.o(.text.HAL_TIM_IRQHandler)
    HAL_TIM_OC_DelayElapsedCallback          0x08001af9   Thumb Code     2  stm32f4xx_hal_tim.o(.text.HAL_TIM_OC_DelayElapsedCallback)
    HAL_TIM_PWM_ConfigChannel                0x08001afd   Thumb Code   532  stm32f4xx_hal_tim.o(.text.HAL_TIM_PWM_ConfigChannel)
    HAL_TIM_PWM_Init                         0x08001d11   Thumb Code    90  stm32f4xx_hal_tim.o(.text.HAL_TIM_PWM_Init)
    HAL_TIM_PWM_MspInit                      0x08001d6d   Thumb Code   314  bldc_tim.o(.text.HAL_TIM_PWM_MspInit)
    HAL_TIM_PWM_PulseFinishedCallback        0x08001ea9   Thumb Code     2  stm32f4xx_hal_tim.o(.text.HAL_TIM_PWM_PulseFinishedCallback)
    HAL_TIM_PWM_Start                        0x08001ead   Thumb Code   284  stm32f4xx_hal_tim.o(.text.HAL_TIM_PWM_Start)
    HAL_TIM_PWM_Stop                         0x08001fc9   Thumb Code   156  stm32f4xx_hal_tim.o(.text.HAL_TIM_PWM_Stop)
    HAL_TIM_PeriodElapsedCallback            0x08002065   Thumb Code    94  bldc_tim.o(.text.HAL_TIM_PeriodElapsedCallback)
    HAL_TIM_TriggerCallback                  0x080020c5   Thumb Code     2  stm32f4xx_hal_tim.o(.text.HAL_TIM_TriggerCallback)
    HAL_UARTEx_RxEventCallback               0x080020c9   Thumb Code     2  stm32f4xx_hal_uart.o(.text.HAL_UARTEx_RxEventCallback)
    HAL_UART_ErrorCallback                   0x080020cd   Thumb Code     2  stm32f4xx_hal_uart.o(.text.HAL_UART_ErrorCallback)
    HAL_UART_GetState                        0x080020d1   Thumb Code    14  stm32f4xx_hal_uart.o(.text.HAL_UART_GetState)
    HAL_UART_IRQHandler                      0x080020e1   Thumb Code   612  stm32f4xx_hal_uart.o(.text.HAL_UART_IRQHandler)
    HAL_UART_Init                            0x08002345   Thumb Code    94  stm32f4xx_hal_uart.o(.text.HAL_UART_Init)
    HAL_UART_MspInit                         0x080023a5   Thumb Code   158  usart.o(.text.HAL_UART_MspInit)
    HAL_UART_Receive_IT                      0x08002445   Thumb Code    86  stm32f4xx_hal_uart.o(.text.HAL_UART_Receive_IT)
    HAL_UART_RxCpltCallback                  0x0800249d   Thumb Code   108  usart.o(.text.HAL_UART_RxCpltCallback)
    HAL_UART_TxCpltCallback                  0x08002509   Thumb Code     2  stm32f4xx_hal_uart.o(.text.HAL_UART_TxCpltCallback)
    HardFault_Handler                        0x0800250d   Thumb Code     2  stm32f4xx_it.o(.text.HardFault_Handler)
    MemManage_Handler                        0x08002511   Thumb Code     2  stm32f4xx_it.o(.text.MemManage_Handler)
    NMI_Handler                              0x08002515   Thumb Code     2  stm32f4xx_it.o(.text.NMI_Handler)
    PendSV_Handler                           0x08002519   Thumb Code     2  stm32f4xx_it.o(.text.PendSV_Handler)
    SVC_Handler                              0x0800251d   Thumb Code     2  stm32f4xx_it.o(.text.SVC_Handler)
    SysTick_Handler                          0x08002521   Thumb Code     4  stm32f4xx_it.o(.text.SysTick_Handler)
    SystemInit                               0x08002525   Thumb Code    18  system_stm32f4xx.o(.text.SystemInit)
    TIM1_UP_TIM10_IRQHandler                 0x08002539   Thumb Code    12  bldc_tim.o(.text.TIM1_UP_TIM10_IRQHandler)
    TIM_Base_SetConfig                       0x08002545   Thumb Code   292  stm32f4xx_hal_tim.o(.text.TIM_Base_SetConfig)
    USART1_IRQHandler                        0x080027f5   Thumb Code    88  usart.o(.text.USART1_IRQHandler)
    UsageFault_Handler                       0x0800284d   Thumb Code     2  stm32f4xx_it.o(.text.UsageFault_Handler)
    _sys_exit                                0x08002851   Thumb Code     2  usart.o(.text._sys_exit)
    atim_timx_oc_chy_init                    0x08002855   Thumb Code   152  bldc_tim.o(.text.atim_timx_oc_chy_init)
    bldc_ctrl                                0x080028ed   Thumb Code    28  bldc.o(.text.bldc_ctrl)
    bldc_init                                0x08002909   Thumb Code   192  bldc.o(.text.bldc_init)
    delay_init                               0x080029c9   Thumb Code    12  delay.o(.text.delay_init)
    delay_ms                                 0x080029d5   Thumb Code    66  delay.o(.text.delay_ms)
    delay_us                                 0x08002a19   Thumb Code    58  delay.o(.text.delay_us)
    fputc                                    0x08002a55   Thumb Code    20  usart.o(.text.fputc)
    hallsensor_get_state                     0x08002a69   Thumb Code    90  bldc.o(.text.hallsensor_get_state)
    key_init                                 0x08002ac5   Thumb Code   154  key.o(.text.key_init)
    key_scan                                 0x08002b61   Thumb Code   170  key.o(.text.key_scan)
    lcd_ex_ili9341_reginit                   0x08002c0d   Thumb Code  1828  lcd.o(.text.lcd_ex_ili9341_reginit)
    lcd_ex_ili9806_reginit                   0x08003331   Thumb Code  2674  lcd.o(.text.lcd_ex_ili9806_reginit)
    lcd_ex_nt35310_reginit                   0x08003da5   Thumb Code 12068  lcd.o(.text.lcd_ex_nt35310_reginit)
    lcd_ex_nt35510_reginit                   0x08006cc9   Thumb Code  3502  lcd.o(.text.lcd_ex_nt35510_reginit)
    lcd_ex_ssd1963_reginit                   0x08007a79   Thumb Code  1132  lcd.o(.text.lcd_ex_ssd1963_reginit)
    lcd_ex_st7789_reginit                    0x08007ee5   Thumb Code  1406  lcd.o(.text.lcd_ex_st7789_reginit)
    lcd_ex_st7796_reginit                    0x08008465   Thumb Code  1500  lcd.o(.text.lcd_ex_st7796_reginit)
    lcd_init                                 0x08008a41   Thumb Code  1644  lcd.o(.text.lcd_init)
    lcd_scan_dir                             0x080090b9   Thumb Code   736  lcd.o(.text.lcd_scan_dir)
    lcd_set_cursor                           0x080093a1   Thumb Code   648  lcd.o(.text.lcd_set_cursor)
    lcd_show_char                            0x08009629   Thumb Code   320  lcd.o(.text.lcd_show_char)
    lcd_show_string                          0x08009769   Thumb Code   124  lcd.o(.text.lcd_show_string)
    led_init                                 0x080097e5   Thumb Code   118  led.o(.text.led_init)
    m1_uhvl                                  0x0800985d   Thumb Code    78  bldc.o(.text.m1_uhvl)
    m1_uhwl                                  0x080098ad   Thumb Code    78  bldc.o(.text.m1_uhwl)
    m1_vhul                                  0x080098fd   Thumb Code    78  bldc.o(.text.m1_vhul)
    m1_vhwl                                  0x0800994d   Thumb Code    78  bldc.o(.text.m1_vhwl)
    m1_whul                                  0x0800999d   Thumb Code    78  bldc.o(.text.m1_whul)
    m1_whvl                                  0x080099ed   Thumb Code    78  bldc.o(.text.m1_whvl)
    main                                     0x08009a41   Thumb Code   496  main.o(.text.main)
    start_motor1                             0x08009ce5   Thumb Code    56  bldc.o(.text.start_motor1)
    stop_motor1                              0x08009d1d   Thumb Code   106  bldc.o(.text.stop_motor1)
    sys_stm32_clock_init                     0x08009d89   Thumb Code   172  sys.o(.text.sys_stm32_clock_init)
    usart_init                               0x08009e35   Thumb Code    62  usart.o(.text.usart_init)
    _btod_d2e                                0x08009e73   Thumb Code    62  btod.o(CL$$btod_d2e)
    _d2e_denorm_low                          0x08009eb1   Thumb Code    70  btod.o(CL$$btod_d2e_denorm_low)
    _d2e_norm_op1                            0x08009ef7   Thumb Code    96  btod.o(CL$$btod_d2e_norm_op1)
    __btod_div_common                        0x08009f59   Thumb Code   696  btod.o(CL$$btod_div_common)
    _e2e                                     0x0800a291   Thumb Code   220  btod.o(CL$$btod_e2e)
    _btod_ediv                               0x0800a36d   Thumb Code    42  btod.o(CL$$btod_ediv)
    _btod_emul                               0x0800a397   Thumb Code    42  btod.o(CL$$btod_emul)
    __btod_mult_common                       0x0800a3c1   Thumb Code   580  btod.o(CL$$btod_mult_common)
    __ARM_fpclassify                         0x0800a605   Thumb Code    48  fpclassify.o(i.__ARM_fpclassify)
    _is_digit                                0x0800a635   Thumb Code    14  __printf_wp.o(i._is_digit)
    _get_lc_numeric                          0x0800a645   Thumb Code    44  lc_numeric_c.o(locale$$code)
    __aeabi_d2f                              0x0800a671   Thumb Code     0  d2f.o(x$fpl$d2f)
    _d2f                                     0x0800a671   Thumb Code    98  d2f.o(x$fpl$d2f)
    __aeabi_ddiv                             0x0800a6d5   Thumb Code     0  ddiv.o(x$fpl$ddiv)
    _ddiv                                    0x0800a6d5   Thumb Code   560  ddiv.o(x$fpl$ddiv)
    __aeabi_ui2d                             0x0800a98d   Thumb Code     0  dflt_clz.o(x$fpl$dfltu)
    _dfltu                                   0x0800a98d   Thumb Code    38  dflt_clz.o(x$fpl$dfltu)
    __aeabi_dmul                             0x0800a9b5   Thumb Code     0  dmul.o(x$fpl$dmul)
    _dmul                                    0x0800a9b5   Thumb Code   332  dmul.o(x$fpl$dmul)
    __fpl_dnaninf                            0x0800ab09   Thumb Code   156  dnaninf.o(x$fpl$dnaninf)
    __fpl_dretinf                            0x0800aba5   Thumb Code    12  dretinf.o(x$fpl$dretinf)
    __aeabi_f2d                              0x0800abb1   Thumb Code     0  f2d.o(x$fpl$f2d)
    _f2d                                     0x0800abb1   Thumb Code    86  f2d.o(x$fpl$f2d)
    __fpl_fnaninf                            0x0800ac07   Thumb Code   140  fnaninf.o(x$fpl$fnaninf)
    _fp_init                                 0x0800ac93   Thumb Code    26  fpinit.o(x$fpl$fpinit)
    __fplib_config_fpu_vfp                   0x0800acab   Thumb Code     0  fpinit.o(x$fpl$fpinit)
    __fplib_config_pureend_doubles           0x0800acab   Thumb Code     0  fpinit.o(x$fpl$fpinit)
    __fpl_fretinf                            0x0800acad   Thumb Code    10  fretinf.o(x$fpl$fretinf)
    _printf_fp_dec                           0x0800acb7   Thumb Code     4  printf1.o(x$fpl$printf1)
    __I$use$fp                               0x0800acba   Number         0  usenofp.o(x$fpl$usenofp)
    AHBPrescTable                            0x0800ad86   Data          16  system_stm32f4xx.o(.rodata.AHBPrescTable)
    APBPrescTable                            0x0800ad96   Data           8  system_stm32f4xx.o(.rodata.APBPrescTable)
    asc2_1206                                0x0800ad9e   Data        1140  lcd.o(.rodata.asc2_1206)
    asc2_1608                                0x0800b212   Data        1520  lcd.o(.rodata.asc2_1608)
    asc2_2412                                0x0800b802   Data        3420  lcd.o(.rodata.asc2_2412)
    asc2_3216                                0x0800c55e   Data        6080  lcd.o(.rodata.asc2_3216)
    Region$$Table$$Base                      0x0800dd20   Number         0  anon$$obj.o(Region$$Table)
    Region$$Table$$Limit                     0x0800dd40   Number         0  anon$$obj.o(Region$$Table)
    __ARM_use_no_argv                        0x20000000   Data           4  main.o(.ARM.use_no_argv)
    SystemCoreClock                          0x20000004   Data           4  system_stm32f4xx.o(.data.SystemCoreClock)
    g_back_color                             0x20000008   Data           4  lcd.o(.data.g_back_color)
    g_bldc_motor1                            0x2000000c   Data          40  bldc.o(.data.g_bldc_motor1)
    g_point_color                            0x20000034   Data           4  lcd.o(.data.g_point_color)
    pfunclist_m1                             0x20000038   Data          24  bldc.o(.data.pfunclist_m1)
    uwTickFreq                               0x20000050   Data           1  stm32f4xx_hal.o(.data.uwTickFreq)
    uwTickPrio                               0x20000054   Data           4  stm32f4xx_hal.o(.data.uwTickPrio)
    __libspace_start                         0x20000058   Data          96  libspace.o(.bss)
    __stdout                                 0x200000b8   Data          84  usart.o(.bss.__stdout)
    __temporary_stack_top$libspace           0x200000b8   Data           0  libspace.o(.bss)
    g_atimx_handle                           0x2000010c   Data          72  bldc_tim.o(.bss.g_atimx_handle)
    g_atimx_oc_chy_handle                    0x20000154   Data          28  bldc_tim.o(.bss.g_atimx_oc_chy_handle)
    g_rx_buffer                              0x20000174   Data           1  usart.o(.bss.g_rx_buffer)
    g_sram_handle                            0x20000178   Data          80  lcd.o(.bss.g_sram_handle)
    g_uart1_handle                           0x200001c8   Data          68  usart.o(.bss.g_uart1_handle)
    g_usart_rx_buf                           0x2000020c   Data         200  usart.o(.bss.g_usart_rx_buf)
    g_usart_rx_sta                           0x200002d4   Data           2  usart.o(.bss.g_usart_rx_sta)
    lcddev                                   0x200002de   Data          14  lcd.o(.bss.lcddev)
    uwTick                                   0x200002ec   Data           4  stm32f4xx_hal.o(.bss.uwTick)



==============================================================================

Memory Map of the image

  Image Entry point : 0x08000189

  Load Region LR_IROM1 (Base: 0x08000000, Size: 0x0000ddb8, Max: 0x00100000, ABSOLUTE)

    Execution Region ER_IROM1 (Exec base: 0x08000000, Load base: 0x08000000, Size: 0x0000dd5c, Max: 0x00100000, ABSOLUTE)

    Exec Addr    Load Addr    Size         Type   Attr      Idx    E Section Name        Object

    0x08000000   0x08000000   0x00000188   Data   RO            3    RESET               startup_stm32f407xx.o
    0x08000188   0x08000188   0x00000008   Code   RO         1264  * !!!main             c_w.l(__main.o)
    0x08000190   0x08000190   0x0000005c   Code   RO         1525    !!!scatter          c_w.l(__scatter.o)
    0x080001ec   0x080001ec   0x0000001a   Code   RO         1529    !!handler_copy      c_w.l(__scatter_copy.o)
    0x08000206   0x08000206   0x00000002   PAD
    0x08000208   0x08000208   0x00000002   Code   RO         1526    !!handler_null      c_w.l(__scatter.o)
    0x0800020a   0x0800020a   0x00000002   PAD
    0x0800020c   0x0800020c   0x0000001c   Code   RO         1531    !!handler_zi        c_w.l(__scatter_zi.o)
    0x08000228   0x08000228   0x00000000   Code   RO         1259    .ARM.Collect$$_printf_percent$$00000000  c_w.l(_printf_percent.o)
    0x08000228   0x08000228   0x00000006   Code   RO         1258    .ARM.Collect$$_printf_percent$$00000003  c_w.l(_printf_f.o)
    0x0800022e   0x0800022e   0x00000006   Code   RO         1257    .ARM.Collect$$_printf_percent$$0000000C  c_w.l(_printf_x.o)
    0x08000234   0x08000234   0x00000004   Code   RO         1307    .ARM.Collect$$_printf_percent$$00000017  c_w.l(_printf_percent_end.o)
    0x08000238   0x08000238   0x00000002   Code   RO         1403    .ARM.Collect$$libinit$$00000000  c_w.l(libinit.o)
    0x0800023a   0x0800023a   0x00000004   Code   RO         1404    .ARM.Collect$$libinit$$00000001  c_w.l(libinit2.o)
    0x0800023e   0x0800023e   0x00000000   Code   RO         1407    .ARM.Collect$$libinit$$00000004  c_w.l(libinit2.o)
    0x0800023e   0x0800023e   0x00000000   Code   RO         1409    .ARM.Collect$$libinit$$00000006  c_w.l(libinit2.o)
    0x0800023e   0x0800023e   0x00000000   Code   RO         1412    .ARM.Collect$$libinit$$0000000C  c_w.l(libinit2.o)
    0x0800023e   0x0800023e   0x00000000   Code   RO         1414    .ARM.Collect$$libinit$$0000000E  c_w.l(libinit2.o)
    0x0800023e   0x0800023e   0x00000000   Code   RO         1416    .ARM.Collect$$libinit$$00000010  c_w.l(libinit2.o)
    0x0800023e   0x0800023e   0x00000006   Code   RO         1417    .ARM.Collect$$libinit$$00000011  c_w.l(libinit2.o)
    0x08000244   0x08000244   0x00000000   Code   RO         1419    .ARM.Collect$$libinit$$00000013  c_w.l(libinit2.o)
    0x08000244   0x08000244   0x00000000   Code   RO         1421    .ARM.Collect$$libinit$$00000015  c_w.l(libinit2.o)
    0x08000244   0x08000244   0x00000000   Code   RO         1423    .ARM.Collect$$libinit$$00000017  c_w.l(libinit2.o)
    0x08000244   0x08000244   0x0000000a   Code   RO         1424    .ARM.Collect$$libinit$$00000018  c_w.l(libinit2.o)
    0x0800024e   0x0800024e   0x00000000   Code   RO         1425    .ARM.Collect$$libinit$$00000019  c_w.l(libinit2.o)
    0x0800024e   0x0800024e   0x00000000   Code   RO         1427    .ARM.Collect$$libinit$$0000001B  c_w.l(libinit2.o)
    0x0800024e   0x0800024e   0x00000000   Code   RO         1429    .ARM.Collect$$libinit$$0000001D  c_w.l(libinit2.o)
    0x0800024e   0x0800024e   0x00000000   Code   RO         1431    .ARM.Collect$$libinit$$0000001F  c_w.l(libinit2.o)
    0x0800024e   0x0800024e   0x00000000   Code   RO         1433    .ARM.Collect$$libinit$$00000021  c_w.l(libinit2.o)
    0x0800024e   0x0800024e   0x00000000   Code   RO         1435    .ARM.Collect$$libinit$$00000023  c_w.l(libinit2.o)
    0x0800024e   0x0800024e   0x00000000   Code   RO         1437    .ARM.Collect$$libinit$$00000025  c_w.l(libinit2.o)
    0x0800024e   0x0800024e   0x00000000   Code   RO         1439    .ARM.Collect$$libinit$$00000027  c_w.l(libinit2.o)
    0x0800024e   0x0800024e   0x00000000   Code   RO         1443    .ARM.Collect$$libinit$$0000002E  c_w.l(libinit2.o)
    0x0800024e   0x0800024e   0x00000000   Code   RO         1445    .ARM.Collect$$libinit$$00000030  c_w.l(libinit2.o)
    0x0800024e   0x0800024e   0x00000000   Code   RO         1447    .ARM.Collect$$libinit$$00000032  c_w.l(libinit2.o)
    0x0800024e   0x0800024e   0x00000000   Code   RO         1449    .ARM.Collect$$libinit$$00000034  c_w.l(libinit2.o)
    0x0800024e   0x0800024e   0x00000002   Code   RO         1450    .ARM.Collect$$libinit$$00000035  c_w.l(libinit2.o)
    0x08000250   0x08000250   0x00000002   Code   RO         1490    .ARM.Collect$$libshutdown$$00000000  c_w.l(libshutdown.o)
    0x08000252   0x08000252   0x00000000   Code   RO         1508    .ARM.Collect$$libshutdown$$00000002  c_w.l(libshutdown2.o)
    0x08000252   0x08000252   0x00000000   Code   RO         1510    .ARM.Collect$$libshutdown$$00000004  c_w.l(libshutdown2.o)
    0x08000252   0x08000252   0x00000000   Code   RO         1513    .ARM.Collect$$libshutdown$$00000007  c_w.l(libshutdown2.o)
    0x08000252   0x08000252   0x00000000   Code   RO         1516    .ARM.Collect$$libshutdown$$0000000A  c_w.l(libshutdown2.o)
    0x08000252   0x08000252   0x00000000   Code   RO         1518    .ARM.Collect$$libshutdown$$0000000C  c_w.l(libshutdown2.o)
    0x08000252   0x08000252   0x00000000   Code   RO         1521    .ARM.Collect$$libshutdown$$0000000F  c_w.l(libshutdown2.o)
    0x08000252   0x08000252   0x00000002   Code   RO         1522    .ARM.Collect$$libshutdown$$00000010  c_w.l(libshutdown2.o)
    0x08000254   0x08000254   0x00000000   Code   RO         1290    .ARM.Collect$$rtentry$$00000000  c_w.l(__rtentry.o)
    0x08000254   0x08000254   0x00000000   Code   RO         1318    .ARM.Collect$$rtentry$$00000002  c_w.l(__rtentry2.o)
    0x08000254   0x08000254   0x00000006   Code   RO         1330    .ARM.Collect$$rtentry$$00000004  c_w.l(__rtentry4.o)
    0x0800025a   0x0800025a   0x00000000   Code   RO         1320    .ARM.Collect$$rtentry$$00000009  c_w.l(__rtentry2.o)
    0x0800025a   0x0800025a   0x00000004   Code   RO         1321    .ARM.Collect$$rtentry$$0000000A  c_w.l(__rtentry2.o)
    0x0800025e   0x0800025e   0x00000000   Code   RO         1323    .ARM.Collect$$rtentry$$0000000C  c_w.l(__rtentry2.o)
    0x0800025e   0x0800025e   0x00000008   Code   RO         1324    .ARM.Collect$$rtentry$$0000000D  c_w.l(__rtentry2.o)
    0x08000266   0x08000266   0x00000002   Code   RO         1451    .ARM.Collect$$rtexit$$00000000  c_w.l(rtexit.o)
    0x08000268   0x08000268   0x00000000   Code   RO         1466    .ARM.Collect$$rtexit$$00000002  c_w.l(rtexit2.o)
    0x08000268   0x08000268   0x00000004   Code   RO         1467    .ARM.Collect$$rtexit$$00000003  c_w.l(rtexit2.o)
    0x0800026c   0x0800026c   0x00000006   Code   RO         1468    .ARM.Collect$$rtexit$$00000004  c_w.l(rtexit2.o)
    0x08000272   0x08000272   0x00000002   PAD
    0x08000274   0x08000274   0x0000004c   Code   RO            4    .text               startup_stm32f407xx.o
    0x080002c0   0x080002c0   0x00000002   Code   RO         1202    .text               c_w.l(use_no_semi_2.o)
    0x080002c2   0x080002c2   0x000000f0   Code   RO         1204    .text               c_w.l(lludivv7m.o)
    0x080003b2   0x080003b2   0x00000002   PAD
    0x080003b4   0x080003b4   0x00000018   Code   RO         1210    .text               c_w.l(noretval__2printf.o)
    0x080003cc   0x080003cc   0x00000028   Code   RO         1212    .text               c_w.l(noretval__2sprintf.o)
    0x080003f4   0x080003f4   0x00000058   Code   RO         1219    .text               c_w.l(_printf_hex_int.o)
    0x0800044c   0x0800044c   0x0000010e   Code   RO         1245    .text               c_w.l(__printf_wp.o)
    0x0800055a   0x0800055a   0x00000002   PAD
    0x0800055c   0x0800055c   0x0000002c   Code   RO         1260    .text               c_w.l(puts.o)
    0x08000588   0x08000588   0x00000006   Code   RO         1262    .text               c_w.l(heapauxi.o)
    0x0800058e   0x0800058e   0x00000002   Code   RO         1288    .text               c_w.l(use_no_semi.o)
    0x08000590   0x08000590   0x000000b2   Code   RO         1295    .text               c_w.l(_printf_intcommon.o)
    0x08000642   0x08000642   0x0000041c   Code   RO         1297    .text               c_w.l(_printf_fp_dec.o)
    0x08000a5e   0x08000a5e   0x00000002   PAD
    0x08000a60   0x08000a60   0x00000030   Code   RO         1301    .text               c_w.l(_printf_char_common.o)
    0x08000a90   0x08000a90   0x0000000a   Code   RO         1303    .text               c_w.l(_sputc.o)
    0x08000a9a   0x08000a9a   0x00000002   PAD
    0x08000a9c   0x08000a9c   0x00000024   Code   RO         1305    .text               c_w.l(_printf_char_file.o)
    0x08000ac0   0x08000ac0   0x00000008   Code   RO         1337    .text               c_w.l(rt_locale_intlibspace.o)
    0x08000ac8   0x08000ac8   0x0000008a   Code   RO         1339    .text               c_w.l(lludiv10.o)
    0x08000b52   0x08000b52   0x00000002   PAD
    0x08000b54   0x08000b54   0x00000080   Code   RO         1341    .text               c_w.l(_printf_fp_infnan.o)
    0x08000bd4   0x08000bd4   0x000000e4   Code   RO         1345    .text               c_w.l(bigflt0.o)
    0x08000cb8   0x08000cb8   0x00000008   Code   RO         1372    .text               c_w.l(ferror.o)
    0x08000cc0   0x08000cc0   0x00000008   Code   RO         1383    .text               c_w.l(libspace.o)
    0x08000cc8   0x08000cc8   0x0000004a   Code   RO         1386    .text               c_w.l(sys_stackheap_outer.o)
    0x08000d12   0x08000d12   0x00000012   Code   RO         1390    .text               c_w.l(exit.o)
    0x08000d24   0x08000d24   0x00000004   PAD
    0x08000d28   0x08000d28   0x0000007c   Code   RO         1396    .text               c_w.l(strcmpv7em.o)
    0x08000da4   0x08000da4   0x00000002   Code   RO           27    .text.BusFault_Handler  stm32f4xx_it.o
    0x08000da6   0x08000da6   0x00000002   PAD
    0x08000da8   0x08000da8   0x00000002   Code   RO           33    .text.DebugMon_Handler  stm32f4xx_it.o
    0x08000daa   0x08000daa   0x00000002   PAD
    0x08000dac   0x08000dac   0x00000046   Code   RO          685    .text.FSMC_NORSRAM_Extended_Timing_Init  stm32f4xx_ll_fsmc.o
    0x08000df2   0x08000df2   0x00000002   PAD
    0x08000df4   0x08000df4   0x0000005c   Code   RO          679    .text.FSMC_NORSRAM_Init  stm32f4xx_ll_fsmc.o
    0x08000e50   0x08000e50   0x00000044   Code   RO          683    .text.FSMC_NORSRAM_Timing_Init  stm32f4xx_ll_fsmc.o
    0x08000e94   0x08000e94   0x0000008a   Code   RO          252    .text.HAL_DMA_Abort  stm32f4xx_hal_dma.o
    0x08000f1e   0x08000f1e   0x00000002   PAD
    0x08000f20   0x08000f20   0x00000024   Code   RO          254    .text.HAL_DMA_Abort_IT  stm32f4xx_hal_dma.o
    0x08000f44   0x08000f44   0x00000192   Code   RO          277    .text.HAL_GPIO_Init  stm32f4xx_hal_gpio.o
    0x080010d6   0x080010d6   0x00000002   PAD
    0x080010d8   0x080010d8   0x0000000a   Code   RO          281    .text.HAL_GPIO_ReadPin  stm32f4xx_hal_gpio.o
    0x080010e2   0x080010e2   0x00000002   PAD
    0x080010e4   0x080010e4   0x00000010   Code   RO          285    .text.HAL_GPIO_TogglePin  stm32f4xx_hal_gpio.o
    0x080010f4   0x080010f4   0x0000000a   Code   RO          283    .text.HAL_GPIO_WritePin  stm32f4xx_hal_gpio.o
    0x080010fe   0x080010fe   0x00000002   PAD
    0x08001100   0x08001100   0x0000000e   Code   RO          161    .text.HAL_GetREVID  stm32f4xx_hal.o
    0x0800110e   0x0800110e   0x00000002   PAD
    0x08001110   0x08001110   0x0000000c   Code   RO          145    .text.HAL_GetTick   stm32f4xx_hal.o
    0x0800111c   0x0800111c   0x0000001a   Code   RO          143    .text.HAL_IncTick   stm32f4xx_hal.o
    0x08001136   0x08001136   0x00000002   PAD
    0x08001138   0x08001138   0x0000002e   Code   RO          133    .text.HAL_Init      stm32f4xx_hal.o
    0x08001166   0x08001166   0x00000002   PAD
    0x08001168   0x08001168   0x00000050   Code   RO          135    .text.HAL_InitTick  stm32f4xx_hal.o
    0x080011b8   0x080011b8   0x00000002   Code   RO          137    .text.HAL_MspInit   stm32f4xx_hal.o
    0x080011ba   0x080011ba   0x00000002   PAD
    0x080011bc   0x080011bc   0x00000022   Code   RO          202    .text.HAL_NVIC_EnableIRQ  stm32f4xx_hal_cortex.o
    0x080011de   0x080011de   0x00000002   PAD
    0x080011e0   0x080011e0   0x00000056   Code   RO          200    .text.HAL_NVIC_SetPriority  stm32f4xx_hal_cortex.o
    0x08001236   0x08001236   0x00000002   PAD
    0x08001238   0x08001238   0x00000020   Code   RO          198    .text.HAL_NVIC_SetPriorityGrouping  stm32f4xx_hal_cortex.o
    0x08001258   0x08001258   0x00000160   Code   RO          305    .text.HAL_RCC_ClockConfig  stm32f4xx_hal_rcc.o
    0x080013b8   0x080013b8   0x00000026   Code   RO          317    .text.HAL_RCC_GetPCLK1Freq  stm32f4xx_hal_rcc.o
    0x080013de   0x080013de   0x00000002   PAD
    0x080013e0   0x080013e0   0x00000026   Code   RO          319    .text.HAL_RCC_GetPCLK2Freq  stm32f4xx_hal_rcc.o
    0x08001406   0x08001406   0x00000002   PAD
    0x08001408   0x08001408   0x0000006a   Code   RO          307    .text.HAL_RCC_GetSysClockFreq  stm32f4xx_hal_rcc.o
    0x08001472   0x08001472   0x00000002   PAD
    0x08001474   0x08001474   0x0000035c   Code   RO          303    .text.HAL_RCC_OscConfig  stm32f4xx_hal_rcc.o
    0x080017d0   0x080017d0   0x00000056   Code   RO          637    .text.HAL_SRAM_Init  stm32f4xx_hal_sram.o
    0x08001826   0x08001826   0x00000002   PAD
    0x08001828   0x08001828   0x00000084   Code   RO         1103    .text.HAL_SRAM_MspInit  lcd.o
    0x080018ac   0x080018ac   0x0000002c   Code   RO          210    .text.HAL_SYSTICK_Config  stm32f4xx_hal_cortex.o
    0x080018d8   0x080018d8   0x00000002   Code   RO         1028    .text.HAL_TIMEx_BreakCallback  stm32f4xx_hal_tim_ex.o
    0x080018da   0x080018da   0x00000002   PAD
    0x080018dc   0x080018dc   0x00000002   Code   RO         1024    .text.HAL_TIMEx_CommutCallback  stm32f4xx_hal_tim_ex.o
    0x080018de   0x080018de   0x00000002   PAD
    0x080018e0   0x080018e0   0x000000a8   Code   RO          737    .text.HAL_TIM_Base_Start_IT  stm32f4xx_hal_tim.o
    0x08001988   0x08001988   0x00000002   Code   RO          859    .text.HAL_TIM_IC_CaptureCallback  stm32f4xx_hal_tim.o
    0x0800198a   0x0800198a   0x00000002   PAD
    0x0800198c   0x0800198c   0x0000016a   Code   RO          857    .text.HAL_TIM_IRQHandler  stm32f4xx_hal_tim.o
    0x08001af6   0x08001af6   0x00000002   PAD
    0x08001af8   0x08001af8   0x00000002   Code   RO          861    .text.HAL_TIM_OC_DelayElapsedCallback  stm32f4xx_hal_tim.o
    0x08001afa   0x08001afa   0x00000002   PAD
    0x08001afc   0x08001afc   0x00000214   Code   RO          877    .text.HAL_TIM_PWM_ConfigChannel  stm32f4xx_hal_tim.o
    0x08001d10   0x08001d10   0x0000005a   Code   RO          777    .text.HAL_TIM_PWM_Init  stm32f4xx_hal_tim.o
    0x08001d6a   0x08001d6a   0x00000002   PAD
    0x08001d6c   0x08001d6c   0x0000013a   Code   RO         1185    .text.HAL_TIM_PWM_MspInit  bldc_tim.o
    0x08001ea6   0x08001ea6   0x00000002   PAD
    0x08001ea8   0x08001ea8   0x00000002   Code   RO          863    .text.HAL_TIM_PWM_PulseFinishedCallback  stm32f4xx_hal_tim.o
    0x08001eaa   0x08001eaa   0x00000002   PAD
    0x08001eac   0x08001eac   0x0000011c   Code   RO          785    .text.HAL_TIM_PWM_Start  stm32f4xx_hal_tim.o
    0x08001fc8   0x08001fc8   0x0000009c   Code   RO          787    .text.HAL_TIM_PWM_Stop  stm32f4xx_hal_tim.o
    0x08002064   0x08002064   0x0000005e   Code   RO         1189    .text.HAL_TIM_PeriodElapsedCallback  bldc_tim.o
    0x080020c2   0x080020c2   0x00000002   PAD
    0x080020c4   0x080020c4   0x00000002   Code   RO          867    .text.HAL_TIM_TriggerCallback  stm32f4xx_hal_tim.o
    0x080020c6   0x080020c6   0x00000002   PAD
    0x080020c8   0x080020c8   0x00000002   Code   RO          587    .text.HAL_UARTEx_RxEventCallback  stm32f4xx_hal_uart.o
    0x080020ca   0x080020ca   0x00000002   PAD
    0x080020cc   0x080020cc   0x00000002   Code   RO          585    .text.HAL_UART_ErrorCallback  stm32f4xx_hal_uart.o
    0x080020ce   0x080020ce   0x00000002   PAD
    0x080020d0   0x080020d0   0x0000000e   Code   RO          607    .text.HAL_UART_GetState  stm32f4xx_hal_uart.o
    0x080020de   0x080020de   0x00000002   PAD
    0x080020e0   0x080020e0   0x00000264   Code   RO          579    .text.HAL_UART_IRQHandler  stm32f4xx_hal_uart.o
    0x08002344   0x08002344   0x0000005e   Code   RO          503    .text.HAL_UART_Init  stm32f4xx_hal_uart.o
    0x080023a2   0x080023a2   0x00000002   PAD
    0x080023a4   0x080023a4   0x0000009e   Code   RO          114    .text.HAL_UART_MspInit  usart.o
    0x08002442   0x08002442   0x00000002   PAD
    0x08002444   0x08002444   0x00000056   Code   RO          525    .text.HAL_UART_Receive_IT  stm32f4xx_hal_uart.o
    0x0800249a   0x0800249a   0x00000002   PAD
    0x0800249c   0x0800249c   0x0000006c   Code   RO          116    .text.HAL_UART_RxCpltCallback  usart.o
    0x08002508   0x08002508   0x00000002   Code   RO          589    .text.HAL_UART_TxCpltCallback  stm32f4xx_hal_uart.o
    0x0800250a   0x0800250a   0x00000002   PAD
    0x0800250c   0x0800250c   0x00000002   Code   RO           23    .text.HardFault_Handler  stm32f4xx_it.o
    0x0800250e   0x0800250e   0x00000002   PAD
    0x08002510   0x08002510   0x00000002   Code   RO           25    .text.MemManage_Handler  stm32f4xx_it.o
    0x08002512   0x08002512   0x00000002   PAD
    0x08002514   0x08002514   0x00000002   Code   RO           21    .text.NMI_Handler   stm32f4xx_it.o
    0x08002516   0x08002516   0x00000002   PAD
    0x08002518   0x08002518   0x00000002   Code   RO           35    .text.PendSV_Handler  stm32f4xx_it.o
    0x0800251a   0x0800251a   0x00000002   PAD
    0x0800251c   0x0800251c   0x00000002   Code   RO           31    .text.SVC_Handler   stm32f4xx_it.o
    0x0800251e   0x0800251e   0x00000002   PAD
    0x08002520   0x08002520   0x00000004   Code   RO           37    .text.SysTick_Handler  stm32f4xx_it.o
    0x08002524   0x08002524   0x00000012   Code   RO           46    .text.SystemInit    system_stm32f4xx.o
    0x08002536   0x08002536   0x00000002   PAD
    0x08002538   0x08002538   0x0000000c   Code   RO         1187    .text.TIM1_UP_TIM10_IRQHandler  bldc_tim.o
    0x08002544   0x08002544   0x00000124   Code   RO          727    .text.TIM_Base_SetConfig  stm32f4xx_hal_tim.o
    0x08002668   0x08002668   0x0000000c   Code   RO          583    .text.UART_DMAAbortOnError  stm32f4xx_hal_uart.o
    0x08002674   0x08002674   0x000000a0   Code   RO          581    .text.UART_Receive_IT  stm32f4xx_hal_uart.o
    0x08002714   0x08002714   0x000000de   Code   RO          507    .text.UART_SetConfig  stm32f4xx_hal_uart.o
    0x080027f2   0x080027f2   0x00000002   PAD
    0x080027f4   0x080027f4   0x00000058   Code   RO          118    .text.USART1_IRQHandler  usart.o
    0x0800284c   0x0800284c   0x00000002   Code   RO           29    .text.UsageFault_Handler  stm32f4xx_it.o
    0x0800284e   0x0800284e   0x00000002   PAD
    0x08002850   0x08002850   0x00000002   Code   RO          106    .text._sys_exit     usart.o
    0x08002852   0x08002852   0x00000002   PAD
    0x08002854   0x08002854   0x00000098   Code   RO         1183    .text.atim_timx_oc_chy_init  bldc_tim.o
    0x080028ec   0x080028ec   0x0000001c   Code   RO         1152    .text.bldc_ctrl     bldc.o
    0x08002908   0x08002908   0x000000c0   Code   RO         1148    .text.bldc_init     bldc.o
    0x080029c8   0x080029c8   0x0000000c   Code   RO           61    .text.delay_init    delay.o
    0x080029d4   0x080029d4   0x00000042   Code   RO           65    .text.delay_ms      delay.o
    0x08002a16   0x08002a16   0x00000002   PAD
    0x08002a18   0x08002a18   0x0000003a   Code   RO           63    .text.delay_us      delay.o
    0x08002a52   0x08002a52   0x00000002   PAD
    0x08002a54   0x08002a54   0x00000014   Code   RO          110    .text.fputc         usart.o
    0x08002a68   0x08002a68   0x0000005a   Code   RO         1154    .text.hallsensor_get_state  bldc.o
    0x08002ac2   0x08002ac2   0x00000002   PAD
    0x08002ac4   0x08002ac4   0x0000009a   Code   RO         1050    .text.key_init      key.o
    0x08002b5e   0x08002b5e   0x00000002   PAD
    0x08002b60   0x08002b60   0x000000aa   Code   RO         1052    .text.key_scan      key.o
    0x08002c0a   0x08002c0a   0x00000002   PAD
    0x08002c0c   0x08002c0c   0x00000724   Code   RO         1069    .text.lcd_ex_ili9341_reginit  lcd.o
    0x08003330   0x08003330   0x00000a72   Code   RO         1079    .text.lcd_ex_ili9806_reginit  lcd.o
    0x08003da2   0x08003da2   0x00000002   PAD
    0x08003da4   0x08003da4   0x00002f24   Code   RO         1071    .text.lcd_ex_nt35310_reginit  lcd.o
    0x08006cc8   0x08006cc8   0x00000dae   Code   RO         1075    .text.lcd_ex_nt35510_reginit  lcd.o
    0x08007a76   0x08007a76   0x00000002   PAD
    0x08007a78   0x08007a78   0x0000046c   Code   RO         1081    .text.lcd_ex_ssd1963_reginit  lcd.o
    0x08007ee4   0x08007ee4   0x0000057e   Code   RO         1063    .text.lcd_ex_st7789_reginit  lcd.o
    0x08008462   0x08008462   0x00000002   PAD
    0x08008464   0x08008464   0x000005dc   Code   RO         1073    .text.lcd_ex_st7796_reginit  lcd.o
    0x08008a40   0x08008a40   0x00000678   Code   RO         1105    .text.lcd_init      lcd.o
    0x080090b8   0x080090b8   0x000002e8   Code   RO         1093    .text.lcd_scan_dir  lcd.o
    0x080093a0   0x080093a0   0x00000288   Code   RO         1087    .text.lcd_set_cursor  lcd.o
    0x08009628   0x08009628   0x00000140   Code   RO         1123    .text.lcd_show_char  lcd.o
    0x08009768   0x08009768   0x0000007c   Code   RO         1129    .text.lcd_show_string  lcd.o
    0x080097e4   0x080097e4   0x00000076   Code   RO         1042    .text.led_init      led.o
    0x0800985a   0x0800985a   0x00000002   PAD
    0x0800985c   0x0800985c   0x0000004e   Code   RO         1168    .text.m1_uhvl       bldc.o
    0x080098aa   0x080098aa   0x00000002   PAD
    0x080098ac   0x080098ac   0x0000004e   Code   RO         1160    .text.m1_uhwl       bldc.o
    0x080098fa   0x080098fa   0x00000002   PAD
    0x080098fc   0x080098fc   0x0000004e   Code   RO         1162    .text.m1_vhul       bldc.o
    0x0800994a   0x0800994a   0x00000002   PAD
    0x0800994c   0x0800994c   0x0000004e   Code   RO         1164    .text.m1_vhwl       bldc.o
    0x0800999a   0x0800999a   0x00000002   PAD
    0x0800999c   0x0800999c   0x0000004e   Code   RO         1170    .text.m1_whul       bldc.o
    0x080099ea   0x080099ea   0x00000002   PAD
    0x080099ec   0x080099ec   0x0000004e   Code   RO         1166    .text.m1_whvl       bldc.o
    0x08009a3a   0x08009a3a   0x00000006   PAD
    0x08009a40   0x08009a40   0x000002a4   Code   RO           11    .text.main          main.o
    0x08009ce4   0x08009ce4   0x00000038   Code   RO         1158    .text.start_motor1  bldc.o
    0x08009d1c   0x08009d1c   0x0000006a   Code   RO         1156    .text.stop_motor1   bldc.o
    0x08009d86   0x08009d86   0x00000002   PAD
    0x08009d88   0x08009d88   0x000000ac   Code   RO           94    .text.sys_stm32_clock_init  sys.o
    0x08009e34   0x08009e34   0x0000003e   Code   RO          112    .text.usart_init    usart.o
    0x08009e72   0x08009e72   0x0000003e   Code   RO         1348    CL$$btod_d2e        c_w.l(btod.o)
    0x08009eb0   0x08009eb0   0x00000046   Code   RO         1350    CL$$btod_d2e_denorm_low  c_w.l(btod.o)
    0x08009ef6   0x08009ef6   0x00000060   Code   RO         1349    CL$$btod_d2e_norm_op1  c_w.l(btod.o)
    0x08009f56   0x08009f56   0x00000002   PAD
    0x08009f58   0x08009f58   0x00000338   Code   RO         1358    CL$$btod_div_common  c_w.l(btod.o)
    0x0800a290   0x0800a290   0x000000dc   Code   RO         1355    CL$$btod_e2e        c_w.l(btod.o)
    0x0800a36c   0x0800a36c   0x0000002a   Code   RO         1352    CL$$btod_ediv       c_w.l(btod.o)
    0x0800a396   0x0800a396   0x0000002a   Code   RO         1351    CL$$btod_emul       c_w.l(btod.o)
    0x0800a3c0   0x0800a3c0   0x00000244   Code   RO         1357    CL$$btod_mult_common  c_w.l(btod.o)
    0x0800a604   0x0800a604   0x00000030   Code   RO         1381    i.__ARM_fpclassify  m_wm.l(fpclassify.o)
    0x0800a634   0x0800a634   0x0000000e   Code   RO         1247    i._is_digit         c_w.l(__printf_wp.o)
    0x0800a642   0x0800a642   0x00000002   PAD
    0x0800a644   0x0800a644   0x0000002c   Code   RO         1377    locale$$code        c_w.l(lc_numeric_c.o)
    0x0800a670   0x0800a670   0x00000062   Code   RO         1266    x$fpl$d2f           fz_wm.l(d2f.o)
    0x0800a6d2   0x0800a6d2   0x00000002   PAD
    0x0800a6d4   0x0800a6d4   0x000002b8   Code   RO         1269    x$fpl$ddiv          fz_wm.l(ddiv.o)
    0x0800a98c   0x0800a98c   0x00000026   Code   RO         1276    x$fpl$dfltu         fz_wm.l(dflt_clz.o)
    0x0800a9b2   0x0800a9b2   0x00000002   PAD
    0x0800a9b4   0x0800a9b4   0x00000154   Code   RO         1282    x$fpl$dmul          fz_wm.l(dmul.o)
    0x0800ab08   0x0800ab08   0x0000009c   Code   RO         1308    x$fpl$dnaninf       fz_wm.l(dnaninf.o)
    0x0800aba4   0x0800aba4   0x0000000c   Code   RO         1310    x$fpl$dretinf       fz_wm.l(dretinf.o)
    0x0800abb0   0x0800abb0   0x00000056   Code   RO         1284    x$fpl$f2d           fz_wm.l(f2d.o)
    0x0800ac06   0x0800ac06   0x0000008c   Code   RO         1312    x$fpl$fnaninf       fz_wm.l(fnaninf.o)
    0x0800ac92   0x0800ac92   0x0000001a   Code   RO         1463    x$fpl$fpinit        fz_wm.l(fpinit.o)
    0x0800acac   0x0800acac   0x0000000a   Code   RO         1314    x$fpl$fretinf       fz_wm.l(fretinf.o)
    0x0800acb6   0x0800acb6   0x00000004   Code   RO         1286    x$fpl$printf1       fz_wm.l(printf1.o)
    0x0800acba   0x0800acba   0x00000000   Code   RO         1316    x$fpl$usenofp       fz_wm.l(usenofp.o)
    0x0800acba   0x0800acba   0x00000028   Data   RO         1220    .constdata          c_w.l(_printf_hex_int.o)
    0x0800ace2   0x0800ace2   0x00000002   PAD
    0x0800ace4   0x0800ace4   0x00000094   Data   RO         1346    .constdata          c_w.l(bigflt0.o)
    0x0800ad78   0x0800ad78   0x0000000e   Data   RO         1139    .rodata..Lswitch.table.lcd_scan_dir.1  lcd.o
    0x0800ad86   0x0800ad86   0x00000010   Data   RO           51    .rodata.AHBPrescTable  system_stm32f4xx.o
    0x0800ad96   0x0800ad96   0x00000008   Data   RO           52    .rodata.APBPrescTable  system_stm32f4xx.o
    0x0800ad9e   0x0800ad9e   0x00000474   Data   RO         1131    .rodata.asc2_1206   lcd.o
    0x0800b212   0x0800b212   0x000005f0   Data   RO         1132    .rodata.asc2_1608   lcd.o
    0x0800b802   0x0800b802   0x00000d5c   Data   RO         1133    .rodata.asc2_2412   lcd.o
    0x0800c55e   0x0800c55e   0x000017c0   Data   RO         1134    .rodata.asc2_3216   lcd.o
    0x0800dd1e   0x0800dd1e   0x00000002   PAD
    0x0800dd20   0x0800dd20   0x00000020   Data   RO         1524    Region$$Table       anon$$obj.o
    0x0800dd40   0x0800dd40   0x0000001c   Data   RO         1376    locale$$data        c_w.l(lc_numeric_c.o)


    Execution Region RW_IRAM1 (Exec base: 0x20000000, Load base: 0x0800dd60, Size: 0x000006f0, Max: 0x00020000, ABSOLUTE)

    Exec Addr    Load Addr    Size         Type   Attr      Idx    E Section Name        Object

    0x20000000   0x0800dd60   0x00000004   Data   RW           13    .ARM.use_no_argv    main.o
    0x20000004   0x0800dd64   0x00000004   Data   RW           50    .data.SystemCoreClock  system_stm32f4xx.o
    0x20000008   0x0800dd68   0x00000004   Data   RW         1136    .data.g_back_color  lcd.o
    0x2000000c   0x0800dd6c   0x00000028   Data   RW         1172    .data.g_bldc_motor1  bldc.o
    0x20000034   0x0800dd94   0x00000004   Data   RW         1135    .data.g_point_color  lcd.o
    0x20000038   0x0800dd98   0x00000018   Data   RW         1174    .data.pfunclist_m1  bldc.o
    0x20000050   0x0800ddb0   0x00000001   Data   RW          188    .data.uwTickFreq    stm32f4xx_hal.o
    0x20000051   0x0800ddb1   0x00000003   PAD
    0x20000054   0x0800ddb4   0x00000004   Data   RW          187    .data.uwTickPrio    stm32f4xx_hal.o
    0x20000058        -       0x00000060   Zero   RW         1384    .bss                c_w.l(libspace.o)
    0x200000b8        -       0x00000054   Zero   RW          124    .bss.__stdout       usart.o
    0x2000010c        -       0x00000048   Zero   RW         1191    .bss.g_atimx_handle  bldc_tim.o
    0x20000154        -       0x0000001c   Zero   RW         1192    .bss.g_atimx_oc_chy_handle  bldc_tim.o
    0x20000170        -       0x00000004   Zero   RW           69    .bss.g_fac_us       delay.o
    0x20000174        -       0x00000001   Zero   RW          122    .bss.g_rx_buffer    usart.o
    0x20000175   0x0800ddb8   0x00000003   PAD
    0x20000178        -       0x00000050   Zero   RW         1138    .bss.g_sram_handle  lcd.o
    0x200001c8        -       0x00000044   Zero   RW          121    .bss.g_uart1_handle  usart.o
    0x2000020c        -       0x000000c8   Zero   RW          123    .bss.g_usart_rx_buf  usart.o
    0x200002d4        -       0x00000002   Zero   RW          120    .bss.g_usart_rx_sta  usart.o
    0x200002d6   0x0800ddb8   0x00000002   PAD
    0x200002d8        -       0x00000004   Zero   RW         1173    .bss.hallsensor_get_state.state  bldc.o
    0x200002dc        -       0x00000001   Zero   RW         1054    .bss.key_scan.key_up  key.o
    0x200002dd   0x0800ddb8   0x00000001   PAD
    0x200002de        -       0x0000000e   Zero   RW         1137    .bss.lcddev         lcd.o
    0x200002ec        -       0x00000004   Zero   RW          189    .bss.uwTick         stm32f4xx_hal.o
    0x200002f0        -       0x00000000   Zero   RW            2    HEAP                startup_stm32f407xx.o
    0x200002f0        -       0x00000400   Zero   RW            1    STACK               startup_stm32f407xx.o


==============================================================================

Image component sizes


      Code (inc. data)   RO Data    RW Data    ZI Data      Debug   Object Name

       940          0          0         64          4       7907   bldc.o
       572          0          0          0        100       8302   bldc_tim.o
       136          0          0          0          4       2481   delay.o
       324          0          0          0          1       2665   key.o
     27734         26      12174          8         94     118117   lcd.o
       118          0          0          0          0       2059   led.o
       676        180          0          4          0       2595   main.o
        76         28        392          0       1024        968   startup_stm32f407xx.o
       180          0          0          5          4       7292   stm32f4xx_hal.o
       196          0          0          0          0      10425   stm32f4xx_hal_cortex.o
       174          0          0          0          0       9677   stm32f4xx_hal_dma.o
       438          0          0          0          0       5100   stm32f4xx_hal_gpio.o
      1394          0          0          0          0       7352   stm32f4xx_hal_rcc.o
        86          0          0          0          0       8002   stm32f4xx_hal_sram.o
      1892          4          0          0          0      54169   stm32f4xx_hal_tim.o
         4          0          0          0          0      20995   stm32f4xx_hal_tim_ex.o
      1206          0          0          0          0      22549   stm32f4xx_hal_uart.o
        20          0          0          0          0       1122   stm32f4xx_it.o
       230          0          0          0          0       8284   stm32f4xx_ll_fsmc.o
       172          0          0          0          0       4628   sys.o
        18          0         24          4          0       2725   system_stm32f4xx.o
       438          0          0          0        355       8191   usart.o

    ----------------------------------------------------------------------
     37146        238      12624         88       1592     315605   Object Totals
         0          0         32          0          0          0   (incl. Generated)
       122          0          2          3          6          0   (incl. Padding)

    ----------------------------------------------------------------------

      Code (inc. data)   RO Data    RW Data    ZI Data      Debug   Library Member Name

         8          0          0          0          0         68   __main.o
       284          0          0          0          0        156   __printf_wp.o
         0          0          0          0          0          0   __rtentry.o
        12          0          0          0          0          0   __rtentry2.o
         6          0          0          0          0          0   __rtentry4.o
        94          8          0          0          0          0   __scatter.o
        26          0          0          0          0          0   __scatter_copy.o
        28          0          0          0          0          0   __scatter_zi.o
        48          6          0          0          0         96   _printf_char_common.o
        36          4          0          0          0         80   _printf_char_file.o
         6          0          0          0          0          0   _printf_f.o
      1052          0          0          0          0        148   _printf_fp_dec.o
       128         16          0          0          0         84   _printf_fp_infnan.o
        88          4         40          0          0         88   _printf_hex_int.o
       178          0          0          0          0         88   _printf_intcommon.o
         0          0          0          0          0          0   _printf_percent.o
         4          0          0          0          0          0   _printf_percent_end.o
         6          0          0          0          0          0   _printf_x.o
        10          0          0          0          0         68   _sputc.o
       228          4        148          0          0         96   bigflt0.o
      1936        128          0          0          0        668   btod.o
        18          0          0          0          0         80   exit.o
         8          0          0          0          0         68   ferror.o
         6          0          0          0          0        152   heapauxi.o
        44         10         28          0          0         76   lc_numeric_c.o
         2          0          0          0          0          0   libinit.o
        22          0          0          0          0          0   libinit2.o
         2          0          0          0          0          0   libshutdown.o
         2          0          0          0          0          0   libshutdown2.o
         8          4          0          0         96         68   libspace.o
       138          0          0          0          0         80   lludiv10.o
       240          0          0          0          0        100   lludivv7m.o
        24          4          0          0          0         84   noretval__2printf.o
        40          6          0          0          0         84   noretval__2sprintf.o
        44          4          0          0          0         84   puts.o
         8          4          0          0          0         68   rt_locale_intlibspace.o
         2          0          0          0          0          0   rtexit.o
        10          0          0          0          0          0   rtexit2.o
       124          0          0          0          0         88   strcmpv7em.o
        74          0          0          0          0         80   sys_stackheap_outer.o
         2          0          0          0          0         68   use_no_semi.o
         2          0          0          0          0         68   use_no_semi_2.o
        98          4          0          0          0        140   d2f.o
       696        140          0          0          0        264   ddiv.o
        38          0          0          0          0        116   dflt_clz.o
       340         12          0          0          0        152   dmul.o
       156          4          0          0          0        140   dnaninf.o
        12          0          0          0          0        116   dretinf.o
        86          4          0          0          0        132   f2d.o
       140          4          0          0          0        132   fnaninf.o
        26          0          0          0          0        116   fpinit.o
        10          0          0          0          0        116   fretinf.o
         4          0          0          0          0        116   printf1.o
         0          0          0          0          0          0   usenofp.o
        48          0          0          0          0        124   fpclassify.o

    ----------------------------------------------------------------------
      6680        370        218          0         96       4552   Library Totals
        28          0          2          0          0          0   (incl. Padding)

    ----------------------------------------------------------------------

      Code (inc. data)   RO Data    RW Data    ZI Data      Debug   Library Name

      4998        202        216          0         96       2888   c_w.l
      1606        168          0          0          0       1540   fz_wm.l
        48          0          0          0          0        124   m_wm.l

    ----------------------------------------------------------------------
      6680        370        218          0         96       4552   Library Totals

    ----------------------------------------------------------------------

==============================================================================


      Code (inc. data)   RO Data    RW Data    ZI Data      Debug   

     43826        608      12842         88       1688     317265   Grand Totals
     43826        608      12842         88       1688     317265   ELF Image Totals
     43826        608      12842         88          0          0   ROM Totals

==============================================================================

    Total RO  Size (Code + RO Data)                56668 (  55.34kB)
    Total RW  Size (RW Data + ZI Data)              1776 (   1.73kB)
    Total ROM Size (Code + RO Data + RW Data)      56756 (  55.43kB)

==============================================================================

